2026/05/11 17:36:50 Aviso: arquivo .env não encontrado, usando variáveis de ambiente: open .env: no such file or directory
2026/05/11 17:36:50 Rodando AutoMigrate...

2026/05/11 17:36:50 [32m/home/teilor/MyProjects/backend-go/pkg/database/db.go:22
[0m[33m[0.023ms] [34;1m[rows:-][0m SELECT count(*) FROM sqlite_master WHERE type='table' AND name="audit_log"

2026/05/11 17:36:50 [32m/home/teilor/MyProjects/backend-go/pkg/database/db.go:22
[0m[33m[0.105ms] [34;1m[rows:0][0m CREATE TABLE `audit_log` (`id` varchar(40),`action` varchar(20) NOT NULL,`table_name` varchar(100) NOT NULL,`record_id` varchar(40) NOT NULL,`old_values` jsonb,`new_values` jsonb,`user_id` varchar(40),`created_at` datetime,PRIMARY KEY (`id`))

2026/05/11 17:36:50 [32m/home/teilor/MyProjects/backend-go/pkg/database/db.go:22
[0m[33m[0.031ms] [34;1m[rows:-][0m SELECT count(*) FROM sqlite_master WHERE type='table' AND name="role"

2026/05/11 17:36:50 [32m/home/teilor/MyProjects/backend-go/pkg/database/db.go:22
[0m[33m[0.068ms] [34;1m[rows:0][0m CREATE TABLE `role` (`id` varchar(40),`created_at` datetime,`updated_at` datetime,`is_deleted` numeric DEFAULT false,`deleted_at` datetime,`name` varchar(255) NOT NULL,`description` varchar(255) NOT NULL,`active` numeric DEFAULT true,PRIMARY KEY (`id`))

2026/05/11 17:36:50 [32m/home/teilor/MyProjects/backend-go/pkg/database/db.go:22
[0m[33m[0.029ms] [34;1m[rows:0][0m CREATE INDEX `idx_role_deleted_at` ON `role`(`deleted_at`)

2026/05/11 17:36:50 [32m/home/teilor/MyProjects/backend-go/pkg/database/db.go:22
[0m[33m[0.009ms] [34;1m[rows:-][0m SELECT count(*) FROM sqlite_master WHERE type='table' AND name="feature"

2026/05/11 17:36:50 [32m/home/teilor/MyProjects/backend-go/pkg/database/db.go:22
[0m[33m[0.097ms] [34;1m[rows:0][0m CREATE TABLE `feature` (`id` varchar(40),`created_at` datetime,`updated_at` datetime,`is_deleted` numeric DEFAULT false,`deleted_at` datetime,`name` varchar(255) NOT NULL,`description` text NOT NULL,`active` numeric DEFAULT true,PRIMARY KEY (`id`))

2026/05/11 17:36:50 [32m/home/teilor/MyProjects/backend-go/pkg/database/db.go:22
[0m[33m[0.027ms] [34;1m[rows:0][0m CREATE INDEX `idx_feature_deleted_at` ON `feature`(`deleted_at`)

2026/05/11 17:36:50 [32m/home/teilor/MyProjects/backend-go/pkg/database/db.go:22
[0m[33m[0.009ms] [34;1m[rows:-][0m SELECT count(*) FROM sqlite_master WHERE type='table' AND name="role_feature"

2026/05/11 17:36:50 [32m/home/teilor/MyProjects/backend-go/pkg/database/db.go:22
[0m[33m[0.057ms] [34;1m[rows:0][0m CREATE TABLE `role_feature` (`id_role` varchar(40),`id_feature` varchar(40),`create` numeric DEFAULT false,`view` numeric DEFAULT false,`activate` numeric DEFAULT false,`delete` numeric DEFAULT false,PRIMARY KEY (`id_role`,`id_feature`),CONSTRAINT `fk_role_role_feature` FOREIGN KEY (`id_role`) REFERENCES `role`(`id`),CONSTRAINT `fk_feature_role_feature` FOREIGN KEY (`id_feature`) REFERENCES `feature`(`id`))

2026/05/11 17:36:50 [32m/home/teilor/MyProjects/backend-go/pkg/database/db.go:22
[0m[33m[0.010ms] [34;1m[rows:-][0m SELECT count(*) FROM sqlite_master WHERE type='table' AND name="auth"

2026/05/11 17:36:50 [32m/home/teilor/MyProjects/backend-go/pkg/database/db.go:22
[0m[33m[0.055ms] [34;1m[rows:0][0m CREATE TABLE `auth` (`id` varchar(40),`created_at` datetime,`updated_at` datetime,`is_deleted` numeric DEFAULT false,`deleted_at` datetime,`password` varchar(255),`request_password_token` varchar(255),`request_password_expiration` datetime,`retries` integer DEFAULT 0,`first_access` numeric DEFAULT true,`active` numeric DEFAULT true,PRIMARY KEY (`id`))

2026/05/11 17:36:50 [32m/home/teilor/MyProjects/backend-go/pkg/database/db.go:22
[0m[33m[0.025ms] [34;1m[rows:0][0m CREATE INDEX `idx_auth_deleted_at` ON `auth`(`deleted_at`)

2026/05/11 17:36:50 [32m/home/teilor/MyProjects/backend-go/pkg/database/db.go:22
[0m[33m[0.008ms] [34;1m[rows:-][0m SELECT count(*) FROM sqlite_master WHERE type='table' AND name="user"

2026/05/11 17:36:50 [32m/home/teilor/MyProjects/backend-go/pkg/database/db.go:22
[0m[33m[0.080ms] [34;1m[rows:0][0m CREATE TABLE `user` (`id` varchar(40),`created_at` datetime,`updated_at` datetime,`is_deleted` numeric DEFAULT false,`deleted_at` datetime,`name` varchar(255) NOT NULL,`phone` varchar(15),`email` varchar(255) NOT NULL,`cognito_id` varchar(255),`active` numeric DEFAULT true,`document` varchar(20),`avatar` varchar(255),`id_auth` varchar(40),`id_role` varchar(40) NOT NULL,PRIMARY KEY (`id`),CONSTRAINT `fk_role_users` FOREIGN KEY (`id_role`) REFERENCES `role`(`id`),CONSTRAINT `fk_auth_user` FOREIGN KEY (`id_auth`) REFERENCES `auth`(`id`),CONSTRAINT `uni_user_email` UNIQUE (`email`),CONSTRAINT `uni_user_cognito_id` UNIQUE (`cognito_id`),CONSTRAINT `uni_user_id_auth` UNIQUE (`id_auth`))

2026/05/11 17:36:50 [32m/home/teilor/MyProjects/backend-go/pkg/database/db.go:22
[0m[33m[0.025ms] [34;1m[rows:0][0m CREATE INDEX `idx_user_deleted_at` ON `user`(`deleted_at`)

2026/05/11 17:36:50 [32m/home/teilor/MyProjects/backend-go/pkg/database/db.go:22
[0m[33m[0.008ms] [34;1m[rows:-][0m SELECT count(*) FROM sqlite_master WHERE type='table' AND name="product"

2026/05/11 17:36:50 [32m/home/teilor/MyProjects/backend-go/pkg/database/db.go:22
[0m[33m[0.058ms] [34;1m[rows:0][0m CREATE TABLE `product` (`id` varchar(40),`created_at` datetime,`updated_at` datetime,`is_deleted` numeric DEFAULT false,`deleted_at` datetime,`name` varchar(255) NOT NULL,`sku` varchar(100) NOT NULL,`category` varchar(100) NOT NULL,`price` decimal(10,2) NOT NULL,`stock` integer DEFAULT 0,`description` text,`active` numeric DEFAULT true,PRIMARY KEY (`id`),CONSTRAINT `uni_product_sku` UNIQUE (`sku`))

2026/05/11 17:36:50 [32m/home/teilor/MyProjects/backend-go/pkg/database/db.go:22
[0m[33m[0.023ms] [34;1m[rows:0][0m CREATE INDEX `idx_product_deleted_at` ON `product`(`deleted_at`)
2026/05/11 17:36:50 Rodando script de inicialização do banco (Seed)...

2026/05/11 17:36:50 [32m/home/teilor/MyProjects/backend-go/pkg/database/seeds.go:84
[0m[33m[0.033ms] [34;1m[rows:0][0m SELECT * FROM `feature` WHERE (`feature`.`id` = "role" AND `feature`.`name` = "Perfis de Acesso" AND `feature`.`description` = "Gerenciar cargos e permissões") AND `feature`.`deleted_at` IS NULL ORDER BY `feature`.`id` LIMIT 1

2026/05/11 17:36:50 [32m/home/teilor/MyProjects/backend-go/internal/core/audit/hooks.go:38
[0m[33m[0.044ms] [34;1m[rows:1][0m INSERT INTO `audit_log` (`id`,`action`,`table_name`,`record_id`,`old_values`,`new_values`,`user_id`,`created_at`) VALUES ("9e782498-781c-48c3-bda7-c916aee47005","CREATE","feature","role","{}","{""id"":""role"",""created_at"":""2026-05-11T17:36:50.141916716-03:00"",""updated_at"":""2026-05-11T17:36:50.141916716-03:00"",""is_deleted"":false,""deleted_at"":null,""name"":""Perfis de Acesso"",""description"":""Gerenciar cargos e permissões"",""active"":true}",NULL,"2026-05-11 17:36:50.142")

2026/05/11 17:36:50 [32m/home/teilor/MyProjects/backend-go/pkg/database/seeds.go:84
[0m[33m[0.254ms] [34;1m[rows:1][0m INSERT INTO `feature` (`id`,`created_at`,`updated_at`,`is_deleted`,`deleted_at`,`name`,`description`,`active`) VALUES ("role","2026-05-11 17:36:50.141","2026-05-11 17:36:50.141",false,NULL,"Perfis de Acesso","Gerenciar cargos e permissões",true)

2026/05/11 17:36:50 [32m/home/teilor/MyProjects/backend-go/pkg/database/seeds.go:84
[0m[33m[0.026ms] [34;1m[rows:0][0m SELECT * FROM `feature` WHERE (`feature`.`id` = "product" AND `feature`.`name` = "Produtos" AND `feature`.`description` = "Gerenciar catálogo de produtos") AND `feature`.`deleted_at` IS NULL ORDER BY `feature`.`id` LIMIT 1

2026/05/11 17:36:50 [32m/home/teilor/MyProjects/backend-go/internal/core/audit/hooks.go:38
[0m[33m[0.028ms] [34;1m[rows:1][0m INSERT INTO `audit_log` (`id`,`action`,`table_name`,`record_id`,`old_values`,`new_values`,`user_id`,`created_at`) VALUES ("60ff9732-deaa-4c66-a78c-f5c8f3a51cf4","CREATE","feature","product","{}","{""id"":""product"",""created_at"":""2026-05-11T17:36:50.142214868-03:00"",""updated_at"":""2026-05-11T17:36:50.142214868-03:00"",""is_deleted"":false,""deleted_at"":null,""name"":""Produtos"",""description"":""Gerenciar catálogo de produtos"",""active"":true}",NULL,"2026-05-11 17:36:50.142")

2026/05/11 17:36:50 [32m/home/teilor/MyProjects/backend-go/pkg/database/seeds.go:84
[0m[33m[0.073ms] [34;1m[rows:1][0m INSERT INTO `feature` (`id`,`created_at`,`updated_at`,`is_deleted`,`deleted_at`,`name`,`description`,`active`) VALUES ("product","2026-05-11 17:36:50.142","2026-05-11 17:36:50.142",false,NULL,"Produtos","Gerenciar catálogo de produtos",true)

2026/05/11 17:36:50 [32m/home/teilor/MyProjects/backend-go/pkg/database/seeds.go:84
[0m[33m[0.028ms] [34;1m[rows:0][0m SELECT * FROM `feature` WHERE (`feature`.`id` = "dashboard" AND `feature`.`name` = "Dashboard" AND `feature`.`description` = "Visualizar indicadores e métricas do sistema") AND `feature`.`deleted_at` IS NULL ORDER BY `feature`.`id` LIMIT 1

2026/05/11 17:36:50 [32m/home/teilor/MyProjects/backend-go/internal/core/audit/hooks.go:38
[0m[33m[0.021ms] [34;1m[rows:1][0m INSERT INTO `audit_log` (`id`,`action`,`table_name`,`record_id`,`old_values`,`new_values`,`user_id`,`created_at`) VALUES ("d5e398a8-adc2-4278-a1ab-24f0d3ce5fe7","CREATE","feature","dashboard","{}","{""id"":""dashboard"",""created_at"":""2026-05-11T17:36:50.142336383-03:00"",""updated_at"":""2026-05-11T17:36:50.142336383-03:00"",""is_deleted"":false,""deleted_at"":null,""name"":""Dashboard"",""description"":""Visualizar indicadores e métricas do sistema"",""active"":true}",NULL,"2026-05-11 17:36:50.142")

2026/05/11 17:36:50 [32m/home/teilor/MyProjects/backend-go/pkg/database/seeds.go:84
[0m[33m[0.068ms] [34;1m[rows:1][0m INSERT INTO `feature` (`id`,`created_at`,`updated_at`,`is_deleted`,`deleted_at`,`name`,`description`,`active`) VALUES ("dashboard","2026-05-11 17:36:50.142","2026-05-11 17:36:50.142",false,NULL,"Dashboard","Visualizar indicadores e métricas do sistema",true)

2026/05/11 17:36:50 [32m/home/teilor/MyProjects/backend-go/pkg/database/seeds.go:84
[0m[33m[0.020ms] [34;1m[rows:0][0m SELECT * FROM `feature` WHERE (`feature`.`id` = "user" AND `feature`.`name` = "Usuários" AND `feature`.`description` = "Gerenciar usuários e acessos") AND `feature`.`deleted_at` IS NULL ORDER BY `feature`.`id` LIMIT 1

2026/05/11 17:36:50 [32m/home/teilor/MyProjects/backend-go/internal/core/audit/hooks.go:38
[0m[33m[0.032ms] [34;1m[rows:1][0m INSERT INTO `audit_log` (`id`,`action`,`table_name`,`record_id`,`old_values`,`new_values`,`user_id`,`created_at`) VALUES ("7df1181a-aff7-4dbf-ae40-363f6798a5c7","CREATE","feature","user","{}","{""id"":""user"",""created_at"":""2026-05-11T17:36:50.142437473-03:00"",""updated_at"":""2026-05-11T17:36:50.142437473-03:00"",""is_deleted"":false,""deleted_at"":null,""name"":""Usuários"",""description"":""Gerenciar usuários e acessos"",""active"":true}",NULL,"2026-05-11 17:36:50.142")

2026/05/11 17:36:50 [32m/home/teilor/MyProjects/backend-go/pkg/database/seeds.go:84
[0m[33m[0.073ms] [34;1m[rows:1][0m INSERT INTO `feature` (`id`,`created_at`,`updated_at`,`is_deleted`,`deleted_at`,`name`,`description`,`active`) VALUES ("user","2026-05-11 17:36:50.142","2026-05-11 17:36:50.142",false,NULL,"Usuários","Gerenciar usuários e acessos",true)

2026/05/11 17:36:50 [32m/home/teilor/MyProjects/backend-go/pkg/database/seeds.go:95
[0m[33m[0.025ms] [34;1m[rows:0][0m SELECT * FROM `role` WHERE `role`.`id` = "administrator" AND (`role`.`id` = "administrator" AND `role`.`name` = "Administrador" AND `role`.`description` = "Acesso total ao sistema") AND `role`.`deleted_at` IS NULL ORDER BY `role`.`id` LIMIT 1

2026/05/11 17:36:50 [32m/home/teilor/MyProjects/backend-go/internal/core/audit/hooks.go:38
[0m[33m[0.038ms] [34;1m[rows:1][0m INSERT INTO `audit_log` (`id`,`action`,`table_name`,`record_id`,`old_values`,`new_values`,`user_id`,`created_at`) VALUES ("e788bb5d-1170-4349-92c0-2d971e6a81cc","CREATE","role","administrator","{}","{""id"":""administrator"",""created_at"":""2026-05-11T17:36:50.14256218-03:00"",""updated_at"":""2026-05-11T17:36:50.14256218-03:00"",""is_deleted"":false,""deleted_at"":null,""name"":""Administrador"",""description"":""Acesso total ao sistema"",""active"":true}",NULL,"2026-05-11 17:36:50.142")

2026/05/11 17:36:50 [32m/home/teilor/MyProjects/backend-go/pkg/database/seeds.go:95
[0m[33m[0.088ms] [34;1m[rows:1][0m INSERT INTO `role` (`id`,`created_at`,`updated_at`,`is_deleted`,`deleted_at`,`name`,`description`,`active`) VALUES ("administrator","2026-05-11 17:36:50.142","2026-05-11 17:36:50.142",false,NULL,"Administrador","Acesso total ao sistema",true)

2026/05/11 17:36:50 [32m/home/teilor/MyProjects/backend-go/pkg/database/seeds.go:111
[0m[33m[0.020ms] [34;1m[rows:0][0m SELECT * FROM `role_feature` WHERE `role_feature`.`id_role` = "administrator" AND `role_feature`.`id_feature` = "dashboard" ORDER BY `role_feature`.`id_role` LIMIT 1

2026/05/11 17:36:50 [32m/home/teilor/MyProjects/backend-go/internal/core/audit/hooks.go:38
[0m[33m[0.022ms] [34;1m[rows:1][0m INSERT INTO `audit_log` (`id`,`action`,`table_name`,`record_id`,`old_values`,`new_values`,`user_id`,`created_at`) VALUES ("5e0545ae-5e16-4e50-a7f8-0972f187955b","CREATE","role_feature","administrator:dashboard","{}","{""id_role"":""administrator"",""id_feature"":""dashboard"",""create"":true,""view"":true,""activate"":true,""delete"":true,""role"":{""id"":"""",""created_at"":""0001-01-01T00:00:00Z"",""updated_at"":""0001-01-01T00:00:00Z"",""is_deleted"":false,""deleted_at"":null,""name"":"""",""description"":"""",""active"":false},""feature"":{""id"":"""",""created_at"":""0001-01-01T00:00:00Z"",""updated_at"":""0001-01-01T00:00:00Z"",""is_deleted"":false,""deleted_at"":null,""name"":"""",""description"":"""",""active"":false}}",NULL,"2026-05-11 17:36:50.142")

2026/05/11 17:36:50 [32m/home/teilor/MyProjects/backend-go/pkg/database/seeds.go:111
[0m[33m[0.072ms] [34;1m[rows:1][0m INSERT INTO `role_feature` (`id_role`,`id_feature`,`create`,`view`,`activate`,`delete`) VALUES ("administrator","dashboard",true,true,true,true)

2026/05/11 17:36:50 [32m/home/teilor/MyProjects/backend-go/pkg/database/seeds.go:111
[0m[33m[0.018ms] [34;1m[rows:0][0m SELECT * FROM `role_feature` WHERE `role_feature`.`id_role` = "administrator" AND `role_feature`.`id_feature` = "user" ORDER BY `role_feature`.`id_role` LIMIT 1

2026/05/11 17:36:50 [32m/home/teilor/MyProjects/backend-go/internal/core/audit/hooks.go:38
[0m[33m[0.021ms] [34;1m[rows:1][0m INSERT INTO `audit_log` (`id`,`action`,`table_name`,`record_id`,`old_values`,`new_values`,`user_id`,`created_at`) VALUES ("227ab357-b50c-4dac-ab1c-89bd390d7baf","CREATE","role_feature","administrator:user","{}","{""id_role"":""administrator"",""id_feature"":""user"",""create"":true,""view"":true,""activate"":true,""delete"":true,""role"":{""id"":"""",""created_at"":""0001-01-01T00:00:00Z"",""updated_at"":""0001-01-01T00:00:00Z"",""is_deleted"":false,""deleted_at"":null,""name"":"""",""description"":"""",""active"":false},""feature"":{""id"":"""",""created_at"":""0001-01-01T00:00:00Z"",""updated_at"":""0001-01-01T00:00:00Z"",""is_deleted"":false,""deleted_at"":null,""name"":"""",""description"":"""",""active"":false}}",NULL,"2026-05-11 17:36:50.142")

2026/05/11 17:36:50 [32m/home/teilor/MyProjects/backend-go/pkg/database/seeds.go:111
[0m[33m[0.057ms] [34;1m[rows:1][0m INSERT INTO `role_feature` (`id_role`,`id_feature`,`create`,`view`,`activate`,`delete`) VALUES ("administrator","user",true,true,true,true)

2026/05/11 17:36:50 [32m/home/teilor/MyProjects/backend-go/pkg/database/seeds.go:111
[0m[33m[0.017ms] [34;1m[rows:0][0m SELECT * FROM `role_feature` WHERE `role_feature`.`id_role` = "administrator" AND `role_feature`.`id_feature` = "role" ORDER BY `role_feature`.`id_role` LIMIT 1

2026/05/11 17:36:50 [32m/home/teilor/MyProjects/backend-go/internal/core/audit/hooks.go:38
[0m[33m[0.029ms] [34;1m[rows:1][0m INSERT INTO `audit_log` (`id`,`action`,`table_name`,`record_id`,`old_values`,`new_values`,`user_id`,`created_at`) VALUES ("14c7e119-292d-49e2-b784-99c8caddcfeb","CREATE","role_feature","administrator:role","{}","{""id_role"":""administrator"",""id_feature"":""role"",""create"":true,""view"":true,""activate"":true,""delete"":true,""role"":{""id"":"""",""created_at"":""0001-01-01T00:00:00Z"",""updated_at"":""0001-01-01T00:00:00Z"",""is_deleted"":false,""deleted_at"":null,""name"":"""",""description"":"""",""active"":false},""feature"":{""id"":"""",""created_at"":""0001-01-01T00:00:00Z"",""updated_at"":""0001-01-01T00:00:00Z"",""is_deleted"":false,""deleted_at"":null,""name"":"""",""description"":"""",""active"":false}}",NULL,"2026-05-11 17:36:50.142")

2026/05/11 17:36:50 [32m/home/teilor/MyProjects/backend-go/pkg/database/seeds.go:111
[0m[33m[0.064ms] [34;1m[rows:1][0m INSERT INTO `role_feature` (`id_role`,`id_feature`,`create`,`view`,`activate`,`delete`) VALUES ("administrator","role",true,true,true,true)

2026/05/11 17:36:50 [32m/home/teilor/MyProjects/backend-go/pkg/database/seeds.go:111
[0m[33m[0.017ms] [34;1m[rows:0][0m SELECT * FROM `role_feature` WHERE `role_feature`.`id_role` = "administrator" AND `role_feature`.`id_feature` = "product" ORDER BY `role_feature`.`id_role` LIMIT 1

2026/05/11 17:36:50 [32m/home/teilor/MyProjects/backend-go/internal/core/audit/hooks.go:38
[0m[33m[0.021ms] [34;1m[rows:1][0m INSERT INTO `audit_log` (`id`,`action`,`table_name`,`record_id`,`old_values`,`new_values`,`user_id`,`created_at`) VALUES ("484cfd19-40b3-4613-9785-378f7858837b","CREATE","role_feature","administrator:product","{}","{""id_role"":""administrator"",""id_feature"":""product"",""create"":true,""view"":true,""activate"":true,""delete"":true,""role"":{""id"":"""",""created_at"":""0001-01-01T00:00:00Z"",""updated_at"":""0001-01-01T00:00:00Z"",""is_deleted"":false,""deleted_at"":null,""name"":"""",""description"":"""",""active"":false},""feature"":{""id"":"""",""created_at"":""0001-01-01T00:00:00Z"",""updated_at"":""0001-01-01T00:00:00Z"",""is_deleted"":false,""deleted_at"":null,""name"":"""",""description"":"""",""active"":false}}",NULL,"2026-05-11 17:36:50.143")

2026/05/11 17:36:50 [32m/home/teilor/MyProjects/backend-go/pkg/database/seeds.go:111
[0m[33m[0.069ms] [34;1m[rows:1][0m INSERT INTO `role_feature` (`id_role`,`id_feature`,`create`,`view`,`activate`,`delete`) VALUES ("administrator","product",true,true,true,true)

2026/05/11 17:36:50 [32m/home/teilor/MyProjects/backend-go/pkg/database/seeds.go:95
[0m[33m[0.025ms] [34;1m[rows:0][0m SELECT * FROM `role` WHERE `role`.`id` = "manager" AND (`role`.`id` = "manager" AND `role`.`name` = "Gerente" AND `role`.`description` = "Gerente operacional") AND `role`.`deleted_at` IS NULL ORDER BY `role`.`id` LIMIT 1

2026/05/11 17:36:50 [32m/home/teilor/MyProjects/backend-go/internal/core/audit/hooks.go:38
[0m[33m[0.026ms] [34;1m[rows:1][0m INSERT INTO `audit_log` (`id`,`action`,`table_name`,`record_id`,`old_values`,`new_values`,`user_id`,`created_at`) VALUES ("2beba02e-360b-4259-8cb3-a6a2b7e0c1a4","CREATE","role","manager","{}","{""id"":""manager"",""created_at"":""2026-05-11T17:36:50.143125736-03:00"",""updated_at"":""2026-05-11T17:36:50.143125736-03:00"",""is_deleted"":false,""deleted_at"":null,""name"":""Gerente"",""description"":""Gerente operacional"",""active"":true}",NULL,"2026-05-11 17:36:50.143")

2026/05/11 17:36:50 [32m/home/teilor/MyProjects/backend-go/pkg/database/seeds.go:95
[0m[33m[0.067ms] [34;1m[rows:1][0m INSERT INTO `role` (`id`,`created_at`,`updated_at`,`is_deleted`,`deleted_at`,`name`,`description`,`active`) VALUES ("manager","2026-05-11 17:36:50.143","2026-05-11 17:36:50.143",false,NULL,"Gerente","Gerente operacional",true)

2026/05/11 17:36:50 [32m/home/teilor/MyProjects/backend-go/pkg/database/seeds.go:111
[0m[33m[0.020ms] [34;1m[rows:0][0m SELECT * FROM `role_feature` WHERE `role_feature`.`id_role` = "manager" AND `role_feature`.`id_feature` = "dashboard" ORDER BY `role_feature`.`id_role` LIMIT 1

2026/05/11 17:36:50 [32m/home/teilor/MyProjects/backend-go/internal/core/audit/hooks.go:38
[0m[33m[0.028ms] [34;1m[rows:1][0m INSERT INTO `audit_log` (`id`,`action`,`table_name`,`record_id`,`old_values`,`new_values`,`user_id`,`created_at`) VALUES ("92ef989a-98f5-4340-812e-9e193bd14a26","CREATE","role_feature","manager:dashboard","{}","{""id_role"":""manager"",""id_feature"":""dashboard"",""create"":true,""view"":true,""activate"":true,""delete"":true,""role"":{""id"":"""",""created_at"":""0001-01-01T00:00:00Z"",""updated_at"":""0001-01-01T00:00:00Z"",""is_deleted"":false,""deleted_at"":null,""name"":"""",""description"":"""",""active"":false},""feature"":{""id"":"""",""created_at"":""0001-01-01T00:00:00Z"",""updated_at"":""0001-01-01T00:00:00Z"",""is_deleted"":false,""deleted_at"":null,""name"":"""",""description"":"""",""active"":false}}",NULL,"2026-05-11 17:36:50.143")

2026/05/11 17:36:50 [32m/home/teilor/MyProjects/backend-go/pkg/database/seeds.go:111
[0m[33m[0.062ms] [34;1m[rows:1][0m INSERT INTO `role_feature` (`id_role`,`id_feature`,`create`,`view`,`activate`,`delete`) VALUES ("manager","dashboard",true,true,true,true)

2026/05/11 17:36:50 [32m/home/teilor/MyProjects/backend-go/pkg/database/seeds.go:111
[0m[33m[0.017ms] [34;1m[rows:0][0m SELECT * FROM `role_feature` WHERE `role_feature`.`id_role` = "manager" AND `role_feature`.`id_feature` = "user" ORDER BY `role_feature`.`id_role` LIMIT 1

2026/05/11 17:36:50 [32m/home/teilor/MyProjects/backend-go/internal/core/audit/hooks.go:38
[0m[33m[0.038ms] [34;1m[rows:1][0m INSERT INTO `audit_log` (`id`,`action`,`table_name`,`record_id`,`old_values`,`new_values`,`user_id`,`created_at`) VALUES ("1386b5f9-8676-4cb5-889a-6a038c6c9611","CREATE","role_feature","manager:user","{}","{""id_role"":""manager"",""id_feature"":""user"",""create"":true,""view"":true,""activate"":false,""delete"":false,""role"":{""id"":"""",""created_at"":""0001-01-01T00:00:00Z"",""updated_at"":""0001-01-01T00:00:00Z"",""is_deleted"":false,""deleted_at"":null,""name"":"""",""description"":"""",""active"":false},""feature"":{""id"":"""",""created_at"":""0001-01-01T00:00:00Z"",""updated_at"":""0001-01-01T00:00:00Z"",""is_deleted"":false,""deleted_at"":null,""name"":"""",""description"":"""",""active"":false}}",NULL,"2026-05-11 17:36:50.143")

2026/05/11 17:36:50 [32m/home/teilor/MyProjects/backend-go/pkg/database/seeds.go:111
[0m[33m[0.109ms] [34;1m[rows:1][0m INSERT INTO `role_feature` (`id_role`,`id_feature`,`create`,`view`,`activate`,`delete`) VALUES ("manager","user",true,true,false,false)

2026/05/11 17:36:50 [32m/home/teilor/MyProjects/backend-go/pkg/database/seeds.go:111
[0m[33m[0.028ms] [34;1m[rows:0][0m SELECT * FROM `role_feature` WHERE `role_feature`.`id_role` = "manager" AND `role_feature`.`id_feature` = "role" ORDER BY `role_feature`.`id_role` LIMIT 1

2026/05/11 17:36:50 [32m/home/teilor/MyProjects/backend-go/internal/core/audit/hooks.go:38
[0m[33m[0.024ms] [34;1m[rows:1][0m INSERT INTO `audit_log` (`id`,`action`,`table_name`,`record_id`,`old_values`,`new_values`,`user_id`,`created_at`) VALUES ("e391c2e9-9e08-4138-93bb-b17b5e9e6030","CREATE","role_feature","manager:role","{}","{""id_role"":""manager"",""id_feature"":""role"",""create"":false,""view"":true,""activate"":false,""delete"":false,""role"":{""id"":"""",""created_at"":""0001-01-01T00:00:00Z"",""updated_at"":""0001-01-01T00:00:00Z"",""is_deleted"":false,""deleted_at"":null,""name"":"""",""description"":"""",""active"":false},""feature"":{""id"":"""",""created_at"":""0001-01-01T00:00:00Z"",""updated_at"":""0001-01-01T00:00:00Z"",""is_deleted"":false,""deleted_at"":null,""name"":"""",""description"":"""",""active"":false}}",NULL,"2026-05-11 17:36:50.143")

2026/05/11 17:36:50 [32m/home/teilor/MyProjects/backend-go/pkg/database/seeds.go:111
[0m[33m[0.078ms] [34;1m[rows:1][0m INSERT INTO `role_feature` (`id_role`,`id_feature`,`create`,`view`,`activate`,`delete`) VALUES ("manager","role",false,true,false,false)

2026/05/11 17:36:50 [32m/home/teilor/MyProjects/backend-go/pkg/database/seeds.go:111
[0m[33m[0.020ms] [34;1m[rows:0][0m SELECT * FROM `role_feature` WHERE `role_feature`.`id_role` = "manager" AND `role_feature`.`id_feature` = "product" ORDER BY `role_feature`.`id_role` LIMIT 1

2026/05/11 17:36:50 [32m/home/teilor/MyProjects/backend-go/internal/core/audit/hooks.go:38
[0m[33m[0.022ms] [34;1m[rows:1][0m INSERT INTO `audit_log` (`id`,`action`,`table_name`,`record_id`,`old_values`,`new_values`,`user_id`,`created_at`) VALUES ("3916ff15-8475-454e-a657-0946f8a28444","CREATE","role_feature","manager:product","{}","{""id_role"":""manager"",""id_feature"":""product"",""create"":true,""view"":true,""activate"":true,""delete"":true,""role"":{""id"":"""",""created_at"":""0001-01-01T00:00:00Z"",""updated_at"":""0001-01-01T00:00:00Z"",""is_deleted"":false,""deleted_at"":null,""name"":"""",""description"":"""",""active"":false},""feature"":{""id"":"""",""created_at"":""0001-01-01T00:00:00Z"",""updated_at"":""0001-01-01T00:00:00Z"",""is_deleted"":false,""deleted_at"":null,""name"":"""",""description"":"""",""active"":false}}",NULL,"2026-05-11 17:36:50.143")

2026/05/11 17:36:50 [32m/home/teilor/MyProjects/backend-go/pkg/database/seeds.go:111
[0m[33m[0.066ms] [34;1m[rows:1][0m INSERT INTO `role_feature` (`id_role`,`id_feature`,`create`,`view`,`activate`,`delete`) VALUES ("manager","product",true,true,true,true)

2026/05/11 17:36:50 [32m/home/teilor/MyProjects/backend-go/pkg/database/seeds.go:95
[0m[33m[0.029ms] [34;1m[rows:0][0m SELECT * FROM `role` WHERE `role`.`id` = "operator" AND (`role`.`id` = "operator" AND `role`.`name` = "Operador" AND `role`.`description` = "Operador de sistema") AND `role`.`deleted_at` IS NULL ORDER BY `role`.`id` LIMIT 1

2026/05/11 17:36:50 [32m/home/teilor/MyProjects/backend-go/internal/core/audit/hooks.go:38
[0m[33m[0.023ms] [34;1m[rows:1][0m INSERT INTO `audit_log` (`id`,`action`,`table_name`,`record_id`,`old_values`,`new_values`,`user_id`,`created_at`) VALUES ("ea016340-ef0c-4dbb-842f-b6e34d6763a3","CREATE","role","operator","{}","{""id"":""operator"",""created_at"":""2026-05-11T17:36:50.14395442-03:00"",""updated_at"":""2026-05-11T17:36:50.14395442-03:00"",""is_deleted"":false,""deleted_at"":null,""name"":""Operador"",""description"":""Operador de sistema"",""active"":true}",NULL,"2026-05-11 17:36:50.143")

2026/05/11 17:36:50 [32m/home/teilor/MyProjects/backend-go/pkg/database/seeds.go:95
[0m[33m[0.077ms] [34;1m[rows:1][0m INSERT INTO `role` (`id`,`created_at`,`updated_at`,`is_deleted`,`deleted_at`,`name`,`description`,`active`) VALUES ("operator","2026-05-11 17:36:50.143","2026-05-11 17:36:50.143",false,NULL,"Operador","Operador de sistema",true)

2026/05/11 17:36:50 [32m/home/teilor/MyProjects/backend-go/pkg/database/seeds.go:111
[0m[33m[0.019ms] [34;1m[rows:0][0m SELECT * FROM `role_feature` WHERE `role_feature`.`id_role` = "operator" AND `role_feature`.`id_feature` = "dashboard" ORDER BY `role_feature`.`id_role` LIMIT 1

2026/05/11 17:36:50 [32m/home/teilor/MyProjects/backend-go/internal/core/audit/hooks.go:38
[0m[33m[0.022ms] [34;1m[rows:1][0m INSERT INTO `audit_log` (`id`,`action`,`table_name`,`record_id`,`old_values`,`new_values`,`user_id`,`created_at`) VALUES ("1285e9bd-5ce6-4090-89de-183dbe410381","CREATE","role_feature","operator:dashboard","{}","{""id_role"":""operator"",""id_feature"":""dashboard"",""create"":true,""view"":true,""activate"":true,""delete"":true,""role"":{""id"":"""",""created_at"":""0001-01-01T00:00:00Z"",""updated_at"":""0001-01-01T00:00:00Z"",""is_deleted"":false,""deleted_at"":null,""name"":"""",""description"":"""",""active"":false},""feature"":{""id"":"""",""created_at"":""0001-01-01T00:00:00Z"",""updated_at"":""0001-01-01T00:00:00Z"",""is_deleted"":false,""deleted_at"":null,""name"":"""",""description"":"""",""active"":false}}",NULL,"2026-05-11 17:36:50.144")

2026/05/11 17:36:50 [32m/home/teilor/MyProjects/backend-go/pkg/database/seeds.go:111
[0m[33m[0.066ms] [34;1m[rows:1][0m INSERT INTO `role_feature` (`id_role`,`id_feature`,`create`,`view`,`activate`,`delete`) VALUES ("operator","dashboard",true,true,true,true)

2026/05/11 17:36:50 [32m/home/teilor/MyProjects/backend-go/pkg/database/seeds.go:111
[0m[33m[0.019ms] [34;1m[rows:0][0m SELECT * FROM `role_feature` WHERE `role_feature`.`id_role` = "operator" AND `role_feature`.`id_feature` = "user" ORDER BY `role_feature`.`id_role` LIMIT 1

2026/05/11 17:36:50 [32m/home/teilor/MyProjects/backend-go/internal/core/audit/hooks.go:38
[0m[33m[0.024ms] [34;1m[rows:1][0m INSERT INTO `audit_log` (`id`,`action`,`table_name`,`record_id`,`old_values`,`new_values`,`user_id`,`created_at`) VALUES ("f0cb9762-5f7e-4730-a0fb-fb267012c559","CREATE","role_feature","operator:user","{}","{""id_role"":""operator"",""id_feature"":""user"",""create"":false,""view"":false,""activate"":false,""delete"":false,""role"":{""id"":"""",""created_at"":""0001-01-01T00:00:00Z"",""updated_at"":""0001-01-01T00:00:00Z"",""is_deleted"":false,""deleted_at"":null,""name"":"""",""description"":"""",""active"":false},""feature"":{""id"":"""",""created_at"":""0001-01-01T00:00:00Z"",""updated_at"":""0001-01-01T00:00:00Z"",""is_deleted"":false,""deleted_at"":null,""name"":"""",""description"":"""",""active"":false}}",NULL,"2026-05-11 17:36:50.144")

2026/05/11 17:36:50 [32m/home/teilor/MyProjects/backend-go/pkg/database/seeds.go:111
[0m[33m[0.059ms] [34;1m[rows:1][0m INSERT INTO `role_feature` (`id_role`,`id_feature`,`create`,`view`,`activate`,`delete`) VALUES ("operator","user",false,false,false,false)

2026/05/11 17:36:50 [32m/home/teilor/MyProjects/backend-go/pkg/database/seeds.go:111
[0m[33m[0.017ms] [34;1m[rows:0][0m SELECT * FROM `role_feature` WHERE `role_feature`.`id_role` = "operator" AND `role_feature`.`id_feature` = "role" ORDER BY `role_feature`.`id_role` LIMIT 1

2026/05/11 17:36:50 [32m/home/teilor/MyProjects/backend-go/internal/core/audit/hooks.go:38
[0m[33m[0.025ms] [34;1m[rows:1][0m INSERT INTO `audit_log` (`id`,`action`,`table_name`,`record_id`,`old_values`,`new_values`,`user_id`,`created_at`) VALUES ("7e8e6c84-6ca2-4189-a5b3-7b5d954870ca","CREATE","role_feature","operator:role","{}","{""id_role"":""operator"",""id_feature"":""role"",""create"":false,""view"":false,""activate"":false,""delete"":false,""role"":{""id"":"""",""created_at"":""0001-01-01T00:00:00Z"",""updated_at"":""0001-01-01T00:00:00Z"",""is_deleted"":false,""deleted_at"":null,""name"":"""",""description"":"""",""active"":false},""feature"":{""id"":"""",""created_at"":""0001-01-01T00:00:00Z"",""updated_at"":""0001-01-01T00:00:00Z"",""is_deleted"":false,""deleted_at"":null,""name"":"""",""description"":"""",""active"":false}}",NULL,"2026-05-11 17:36:50.144")

2026/05/11 17:36:50 [32m/home/teilor/MyProjects/backend-go/pkg/database/seeds.go:111
[0m[33m[0.072ms] [34;1m[rows:1][0m INSERT INTO `role_feature` (`id_role`,`id_feature`,`create`,`view`,`activate`,`delete`) VALUES ("operator","role",false,false,false,false)

2026/05/11 17:36:50 [32m/home/teilor/MyProjects/backend-go/pkg/database/seeds.go:111
[0m[33m[0.019ms] [34;1m[rows:0][0m SELECT * FROM `role_feature` WHERE `role_feature`.`id_role` = "operator" AND `role_feature`.`id_feature` = "product" ORDER BY `role_feature`.`id_role` LIMIT 1

2026/05/11 17:36:50 [32m/home/teilor/MyProjects/backend-go/internal/core/audit/hooks.go:38
[0m[33m[0.022ms] [34;1m[rows:1][0m INSERT INTO `audit_log` (`id`,`action`,`table_name`,`record_id`,`old_values`,`new_values`,`user_id`,`created_at`) VALUES ("e2dd13be-7bb8-4b3b-86ef-5413de22add3","CREATE","role_feature","operator:product","{}","{""id_role"":""operator"",""id_feature"":""product"",""create"":false,""view"":true,""activate"":false,""delete"":false,""role"":{""id"":"""",""created_at"":""0001-01-01T00:00:00Z"",""updated_at"":""0001-01-01T00:00:00Z"",""is_deleted"":false,""deleted_at"":null,""name"":"""",""description"":"""",""active"":false},""feature"":{""id"":"""",""created_at"":""0001-01-01T00:00:00Z"",""updated_at"":""0001-01-01T00:00:00Z"",""is_deleted"":false,""deleted_at"":null,""name"":"""",""description"":"""",""active"":false}}",NULL,"2026-05-11 17:36:50.144")

2026/05/11 17:36:50 [32m/home/teilor/MyProjects/backend-go/pkg/database/seeds.go:111
[0m[33m[0.059ms] [34;1m[rows:1][0m INSERT INTO `role_feature` (`id_role`,`id_feature`,`create`,`view`,`activate`,`delete`) VALUES ("operator","product",false,true,false,false)

2026/05/11 17:36:50 [32m/home/teilor/MyProjects/backend-go/pkg/database/seeds.go:116
[0m[33m[0.023ms] [34;1m[rows:1][0m SELECT count(*) FROM `user` WHERE email = "admin@email.com" AND `user`.`deleted_at` IS NULL
2026/05/11 17:36:50 Criando usuário administrador inicial: admin@email.com

2026/05/11 17:36:50 [32m/home/teilor/MyProjects/backend-go/internal/core/audit/hooks.go:38
[0m[33m[0.037ms] [34;1m[rows:1][0m INSERT INTO `audit_log` (`id`,`action`,`table_name`,`record_id`,`old_values`,`new_values`,`user_id`,`created_at`) VALUES ("30d8fd5a-5b1b-48c5-8e90-e9a9628f79a2","CREATE","auth","202b9288-f9bd-406d-955d-6bb4af82c1dc","{}","{""id"":""202b9288-f9bd-406d-955d-6bb4af82c1dc"",""created_at"":""2026-05-11T17:36:50.190967025-03:00"",""updated_at"":""2026-05-11T17:36:50.190967025-03:00"",""is_deleted"":false,""deleted_at"":null,""request_password_token"":null,""request_password_expiration"":null,""retries"":0,""first_access"":true,""active"":true}",NULL,"2026-05-11 17:36:50.191")

2026/05/11 17:36:50 [32m/home/teilor/MyProjects/backend-go/pkg/database/seeds.go:137
[0m[33m[0.133ms] [34;1m[rows:1][0m INSERT INTO `auth` (`id`,`created_at`,`updated_at`,`is_deleted`,`deleted_at`,`password`,`request_password_token`,`request_password_expiration`,`retries`,`first_access`,`active`) VALUES ("202b9288-f9bd-406d-955d-6bb4af82c1dc","2026-05-11 17:36:50.19","2026-05-11 17:36:50.19",false,NULL,"$2a$10$oUDRP5EsH02bNemPMv5ncO2vKMSxMARwb4I5j4TtlPh8NfN9CBCwe",NULL,NULL,0,true,true) ON CONFLICT DO NOTHING

2026/05/11 17:36:50 [32m/home/teilor/MyProjects/backend-go/internal/core/audit/hooks.go:38
[0m[33m[0.030ms] [34;1m[rows:1][0m INSERT INTO `audit_log` (`id`,`action`,`table_name`,`record_id`,`old_values`,`new_values`,`user_id`,`created_at`) VALUES ("cc925e5d-ac69-4722-ba75-693b4cd685e3","CREATE","user","92b3b59e-3213-4f90-941f-6005f4773b2c","{}","{""id"":""92b3b59e-3213-4f90-941f-6005f4773b2c"",""created_at"":""2026-05-11T17:36:50.191110753-03:00"",""updated_at"":""2026-05-11T17:36:50.191110753-03:00"",""is_deleted"":false,""deleted_at"":null,""name"":""Administrador"",""phone"":null,""email"":""admin@email.com"",""cognito_id"":null,""active"":true,""document"":null,""avatar"":null,""id_auth"":""202b9288-f9bd-406d-955d-6bb4af82c1dc"",""id_role"":""administrator"",""Auth"":{""id"":""202b9288-f9bd-406d-955d-6bb4af82c1dc"",""created_at"":""2026-05-11T17:36:50.190967025-03:00"",""updated_at"":""2026-05-11T17:36:50.190967025-03:00"",""is_deleted"":false,""deleted_at"":null,""request_password_token"":null,""request_password_expiration"":null,""retries"":0,""first_access"":true,""active"":true},""Role"":{""id"":"""",""created_at"":""0001-01-01T00:00:00Z"",""updated_at"":""0001-01-01T00:00:00Z"",""is_deleted"":false,""deleted_at"":null,""name"":"""",""description"":"""",""active"":false}}",NULL,"2026-05-11 17:36:50.191")

2026/05/11 17:36:50 [32m/home/teilor/MyProjects/backend-go/pkg/database/seeds.go:137
[0m[33m[0.333ms] [34;1m[rows:1][0m INSERT INTO `user` (`id`,`created_at`,`updated_at`,`is_deleted`,`deleted_at`,`name`,`phone`,`email`,`cognito_id`,`active`,`document`,`avatar`,`id_auth`,`id_role`) VALUES ("92b3b59e-3213-4f90-941f-6005f4773b2c","2026-05-11 17:36:50.191","2026-05-11 17:36:50.191",false,NULL,"Administrador",NULL,"admin@email.com",NULL,true,NULL,NULL,"202b9288-f9bd-406d-955d-6bb4af82c1dc","administrator")
2026/05/11 17:36:50 Usuário administrador criado com sucesso!
2026/05/11 17:36:50 Seed finalizado com sucesso!
2026/05/11 17:36:50 Conexão com PostgreSQL estabelecida com sucesso.
2026/05/11 17:36:50 Conexão com Redis estabelecida com sucesso.
=== RUN   TestRegisterRoutes
--- PASS: TestRegisterRoutes (0.00s)
=== RUN   TestRoleHandler_ListFeatures
=== RUN   TestRoleHandler_ListFeatures/Success

2026/05/11 17:36:50 [32m/home/teilor/MyProjects/backend-go/internal/app/role/service.go:34
[0m[33m[0.112ms] [34;1m[rows:4][0m SELECT * FROM `feature` WHERE active = true AND `feature`.`deleted_at` IS NULL
=== RUN   TestRoleHandler_ListFeatures/Service_Error
--- PASS: TestRoleHandler_ListFeatures (0.00s)
    --- PASS: TestRoleHandler_ListFeatures/Success (0.00s)
    --- PASS: TestRoleHandler_ListFeatures/Service_Error (0.00s)
=== RUN   TestRoleHandler_Create
=== RUN   TestRoleHandler_Create/Success

2026/05/11 17:36:50 [32m/home/teilor/MyProjects/backend-go/internal/core/audit/hooks.go:38
[0m[33m[0.023ms] [34;1m[rows:1][0m INSERT INTO `audit_log` (`id`,`action`,`table_name`,`record_id`,`old_values`,`new_values`,`user_id`,`created_at`) VALUES ("8929ec65-0bfb-448c-af5f-e5f8c673288c","CREATE","role","c1dd4df8-27e6-4307-808b-f95a89c1519d","{}","{""id"":""c1dd4df8-27e6-4307-808b-f95a89c1519d"",""created_at"":""2026-05-11T17:36:50.19315313-03:00"",""updated_at"":""2026-05-11T17:36:50.19315313-03:00"",""is_deleted"":false,""deleted_at"":null,""name"":""Role 1"",""description"":""Desc"",""active"":true}",NULL,"2026-05-11 17:36:50.193")

2026/05/11 17:36:50 [32m/home/teilor/MyProjects/backend-go/internal/app/role/repository.go:29
[0m[33m[0.095ms] [34;1m[rows:1][0m INSERT INTO `role` (`id`,`created_at`,`updated_at`,`is_deleted`,`deleted_at`,`name`,`description`,`active`) VALUES ("c1dd4df8-27e6-4307-808b-f95a89c1519d","2026-05-11 17:36:50.193","2026-05-11 17:36:50.193",false,NULL,"Role 1","Desc",true)
=== RUN   TestRoleHandler_Create/Invalid_JSON
=== RUN   TestRoleHandler_Create/Service_Error
--- PASS: TestRoleHandler_Create (0.00s)
    --- PASS: TestRoleHandler_Create/Success (0.00s)
    --- PASS: TestRoleHandler_Create/Invalid_JSON (0.00s)
    --- PASS: TestRoleHandler_Create/Service_Error (0.00s)
=== RUN   TestRoleHandler_Update

2026/05/11 17:36:50 [32m/home/teilor/MyProjects/backend-go/internal/core/audit/hooks.go:38
[0m[33m[0.023ms] [34;1m[rows:1][0m INSERT INTO `audit_log` (`id`,`action`,`table_name`,`record_id`,`old_values`,`new_values`,`user_id`,`created_at`) VALUES ("2f0ac22a-3eba-4a36-b3e1-7cdbe0d80e2c","CREATE","role","b985d3f9-d752-4eed-8b03-c202cae76c08","{}","{""id"":""b985d3f9-d752-4eed-8b03-c202cae76c08"",""created_at"":""2026-05-11T17:36:50.193431096-03:00"",""updated_at"":""2026-05-11T17:36:50.193431096-03:00"",""is_deleted"":false,""deleted_at"":null,""name"":""Old"",""description"":""Old"",""active"":true}",NULL,"2026-05-11 17:36:50.193")

2026/05/11 17:36:50 [32m/home/teilor/MyProjects/backend-go/internal/core/repository/base_repository.go:34
[0m[33m[0.103ms] [34;1m[rows:1][0m INSERT INTO `role` (`id`,`created_at`,`updated_at`,`is_deleted`,`deleted_at`,`name`,`description`,`active`) VALUES ("b985d3f9-d752-4eed-8b03-c202cae76c08","2026-05-11 17:36:50.193","2026-05-11 17:36:50.193",false,NULL,"Old","Old",true)
=== RUN   TestRoleHandler_Update/Success

2026/05/11 17:36:50 [32m/home/teilor/MyProjects/backend-go/internal/app/role/repository.go:46
[0m[33m[0.036ms] [34;1m[rows:1][0m UPDATE `role` SET `updated_at`="2026-05-11 17:36:50.193",`name`="New",`description`="New" WHERE id = "b985d3f9-d752-4eed-8b03-c202cae76c08" AND `role`.`deleted_at` IS NULL
2026/05/11 17:36:50 [SessionManager] Invalidating all sessions for role b985d3f9-d752-4eed-8b03-c202cae76c08 with pattern session:role:b985d3f9-d752-4eed-8b03-c202cae76c08:*

2026/05/11 17:36:50 [32m/home/teilor/MyProjects/backend-go/internal/core/repository/base_repository.go:73
[0m[33m[0.033ms] [34;1m[rows:0][0m SELECT * FROM `role_feature` WHERE `role_feature`.`id_role` = "b985d3f9-d752-4eed-8b03-c202cae76c08"

2026/05/11 17:36:50 [32m/home/teilor/MyProjects/backend-go/internal/core/repository/base_repository.go:73
[0m[33m[0.101ms] [34;1m[rows:1][0m SELECT * FROM `role` WHERE (id = "b985d3f9-d752-4eed-8b03-c202cae76c08" AND is_deleted = false) AND `role`.`deleted_at` IS NULL ORDER BY `role`.`id` LIMIT 1
=== RUN   TestRoleHandler_Update/Invalid_JSON
=== RUN   TestRoleHandler_Update/Service_Error
--- PASS: TestRoleHandler_Update (0.00s)
    --- PASS: TestRoleHandler_Update/Success (0.00s)
    --- PASS: TestRoleHandler_Update/Invalid_JSON (0.00s)
    --- PASS: TestRoleHandler_Update/Service_Error (0.00s)
=== RUN   TestRoleHandler_GetByID

2026/05/11 17:36:50 [32m/home/teilor/MyProjects/backend-go/internal/core/audit/hooks.go:38
[0m[33m[0.024ms] [34;1m[rows:1][0m INSERT INTO `audit_log` (`id`,`action`,`table_name`,`record_id`,`old_values`,`new_values`,`user_id`,`created_at`) VALUES ("9415f1e5-0c61-4830-9a29-4cab480ddff6","CREATE","role","45a47b66-ee33-4487-8a1d-f25e5a0c2d53","{}","{""id"":""45a47b66-ee33-4487-8a1d-f25e5a0c2d53"",""created_at"":""2026-05-11T17:36:50.193917325-03:00"",""updated_at"":""2026-05-11T17:36:50.193917325-03:00"",""is_deleted"":false,""deleted_at"":null,""name"":""Get"",""description"":""Get"",""active"":true}",NULL,"2026-05-11 17:36:50.193")

2026/05/11 17:36:50 [32m/home/teilor/MyProjects/backend-go/internal/core/repository/base_repository.go:34
[0m[33m[0.082ms] [34;1m[rows:1][0m INSERT INTO `role` (`id`,`created_at`,`updated_at`,`is_deleted`,`deleted_at`,`name`,`description`,`active`) VALUES ("45a47b66-ee33-4487-8a1d-f25e5a0c2d53","2026-05-11 17:36:50.193","2026-05-11 17:36:50.193",false,NULL,"Get","Get",true)
=== RUN   TestRoleHandler_GetByID/Success

2026/05/11 17:36:50 [32m/home/teilor/MyProjects/backend-go/internal/core/repository/base_repository.go:73
[0m[33m[0.025ms] [34;1m[rows:0][0m SELECT * FROM `role_feature` WHERE `role_feature`.`id_role` = "45a47b66-ee33-4487-8a1d-f25e5a0c2d53"

2026/05/11 17:36:50 [32m/home/teilor/MyProjects/backend-go/internal/core/repository/base_repository.go:73
[0m[33m[0.082ms] [34;1m[rows:1][0m SELECT * FROM `role` WHERE (id = "45a47b66-ee33-4487-8a1d-f25e5a0c2d53" AND is_deleted = false) AND `role`.`deleted_at` IS NULL ORDER BY `role`.`id` LIMIT 1
=== RUN   TestRoleHandler_GetByID/Not_Found

2026/05/11 17:36:50 [31;1m/home/teilor/MyProjects/backend-go/internal/core/repository/base_repository.go:73 [35;1mrecord not found
[0m[33m[0.023ms] [34;1m[rows:0][0m SELECT * FROM `role` WHERE (id = "non-existent" AND is_deleted = false) AND `role`.`deleted_at` IS NULL ORDER BY `role`.`id` LIMIT 1
--- PASS: TestRoleHandler_GetByID (0.00s)
    --- PASS: TestRoleHandler_GetByID/Success (0.00s)
    --- PASS: TestRoleHandler_GetByID/Not_Found (0.00s)
=== RUN   TestRoleHandler_List
=== RUN   TestRoleHandler_List/Success

2026/05/11 17:36:50 [32m/home/teilor/MyProjects/backend-go/internal/core/repository/base_repository.go:113
[0m[33m[0.033ms] [34;1m[rows:1][0m SELECT count(*) FROM `role` WHERE is_deleted = false AND `role`.`deleted_at` IS NULL 

2026/05/11 17:36:50 [32m/home/teilor/MyProjects/backend-go/internal/core/repository/base_repository.go:118
[0m[33m[0.084ms] [34;1m[rows:6][0m SELECT * FROM `role` WHERE is_deleted = false AND `role`.`deleted_at` IS NULL ORDER BY `role`.`created_at` DESC LIMIT 10
=== RUN   TestRoleHandler_List/Service_Error
--- PASS: TestRoleHandler_List (0.00s)
    --- PASS: TestRoleHandler_List/Success (0.00s)
    --- PASS: TestRoleHandler_List/Service_Error (0.00s)
=== RUN   TestRoleHandler_ListAll
=== RUN   TestRoleHandler_ListAll/Success

2026/05/11 17:36:50 [32m/home/teilor/MyProjects/backend-go/internal/core/repository/base_repository.go:113
[0m[33m[0.027ms] [34;1m[rows:1][0m SELECT count(*) FROM `role` WHERE `role`.`deleted_at` IS NULL 

2026/05/11 17:36:50 [32m/home/teilor/MyProjects/backend-go/internal/core/repository/base_repository.go:118
[0m[33m[0.053ms] [34;1m[rows:6][0m SELECT * FROM `role` WHERE `role`.`deleted_at` IS NULL ORDER BY `role`.`created_at` DESC
=== RUN   TestRoleHandler_ListAll/Service_Error
--- PASS: TestRoleHandler_ListAll (0.00s)
    --- PASS: TestRoleHandler_ListAll/Success (0.00s)
    --- PASS: TestRoleHandler_ListAll/Service_Error (0.00s)
=== RUN   TestRoleHandler_Delete

2026/05/11 17:36:50 [32m/home/teilor/MyProjects/backend-go/internal/core/audit/hooks.go:38
[0m[33m[0.028ms] [34;1m[rows:1][0m INSERT INTO `audit_log` (`id`,`action`,`table_name`,`record_id`,`old_values`,`new_values`,`user_id`,`created_at`) VALUES ("c18b6469-d680-47c3-9c9f-a94ccb39a471","CREATE","role","a8fd5905-70a6-4209-8792-8a7bb5ce305f","{}","{""id"":""a8fd5905-70a6-4209-8792-8a7bb5ce305f"",""created_at"":""2026-05-11T17:36:50.194732973-03:00"",""updated_at"":""2026-05-11T17:36:50.194732973-03:00"",""is_deleted"":false,""deleted_at"":null,""name"":""Delete"",""description"":""Delete"",""active"":true}",NULL,"2026-05-11 17:36:50.194")

2026/05/11 17:36:50 [32m/home/teilor/MyProjects/backend-go/internal/core/repository/base_repository.go:34
[0m[33m[0.111ms] [34;1m[rows:1][0m INSERT INTO `role` (`id`,`created_at`,`updated_at`,`is_deleted`,`deleted_at`,`name`,`description`,`active`) VALUES ("a8fd5905-70a6-4209-8792-8a7bb5ce305f","2026-05-11 17:36:50.194","2026-05-11 17:36:50.194",false,NULL,"Delete","Delete",true)
=== RUN   TestRoleHandler_Delete/Success

2026/05/11 17:36:50 [32m/home/teilor/MyProjects/backend-go/internal/core/repository/base_repository.go:85
[0m[33m[0.043ms] [34;1m[rows:1][0m UPDATE `role` SET `is_deleted`=true,`updated_at`="2026-05-11 17:36:50.194" WHERE id = "a8fd5905-70a6-4209-8792-8a7bb5ce305f" AND `role`.`deleted_at` IS NULL

2026/05/11 17:36:50 [32m/home/teilor/MyProjects/backend-go/internal/core/audit/hooks.go:112
[0m[33m[0.023ms] [34;1m[rows:1][0m INSERT INTO `audit_log` (`id`,`action`,`table_name`,`record_id`,`old_values`,`new_values`,`user_id`,`created_at`) VALUES ("40f1029f-197f-4209-b58e-8b7ae98962f7","DELETE","role","unknown","{}","{}",NULL,"2026-05-11 17:36:50.194")

2026/05/11 17:36:50 [32m/home/teilor/MyProjects/backend-go/internal/core/repository/base_repository.go:87
[0m[33m[0.074ms] [34;1m[rows:1][0m UPDATE `role` SET `deleted_at`="2026-05-11 17:36:50.194" WHERE id = "a8fd5905-70a6-4209-8792-8a7bb5ce305f" AND `role`.`deleted_at` IS NULL
2026/05/11 17:36:50 [SessionManager] Invalidating all sessions for role a8fd5905-70a6-4209-8792-8a7bb5ce305f with pattern session:role:a8fd5905-70a6-4209-8792-8a7bb5ce305f:*
=== RUN   TestRoleHandler_Delete/Service_Error
--- PASS: TestRoleHandler_Delete (0.00s)
    --- PASS: TestRoleHandler_Delete/Success (0.00s)
    --- PASS: TestRoleHandler_Delete/Service_Error (0.00s)
=== RUN   TestRoleHandler_SetStatus

2026/05/11 17:36:50 [32m/home/teilor/MyProjects/backend-go/internal/core/audit/hooks.go:38
[0m[33m[0.023ms] [34;1m[rows:1][0m INSERT INTO `audit_log` (`id`,`action`,`table_name`,`record_id`,`old_values`,`new_values`,`user_id`,`created_at`) VALUES ("78cab3ed-0ef3-4569-b1fc-313fac5fc40c","CREATE","role","34ef09cf-d94c-4acf-949d-fc51f7a02bd0","{}","{""id"":""34ef09cf-d94c-4acf-949d-fc51f7a02bd0"",""created_at"":""2026-05-11T17:36:50.195162134-03:00"",""updated_at"":""2026-05-11T17:36:50.195162134-03:00"",""is_deleted"":false,""deleted_at"":null,""name"":""Status"",""description"":""Status"",""active"":true}",NULL,"2026-05-11 17:36:50.195")

2026/05/11 17:36:50 [32m/home/teilor/MyProjects/backend-go/internal/core/repository/base_repository.go:34
[0m[33m[0.086ms] [34;1m[rows:1][0m INSERT INTO `role` (`id`,`created_at`,`updated_at`,`is_deleted`,`deleted_at`,`name`,`description`,`active`) VALUES ("34ef09cf-d94c-4acf-949d-fc51f7a02bd0","2026-05-11 17:36:50.195","2026-05-11 17:36:50.195",false,NULL,"Status","Status",true)
=== RUN   TestRoleHandler_SetStatus/Success

2026/05/11 17:36:50 [32m/home/teilor/MyProjects/backend-go/internal/core/repository/base_repository.go:81
[0m[33m[0.035ms] [34;1m[rows:1][0m UPDATE `role` SET `active`=false,`updated_at`="2026-05-11 17:36:50.195" WHERE id = "34ef09cf-d94c-4acf-949d-fc51f7a02bd0" AND `role`.`deleted_at` IS NULL
2026/05/11 17:36:50 [SessionManager] Invalidating all sessions for role 34ef09cf-d94c-4acf-949d-fc51f7a02bd0 with pattern session:role:34ef09cf-d94c-4acf-949d-fc51f7a02bd0:*
=== RUN   TestRoleHandler_SetStatus/Invalid_JSON
=== RUN   TestRoleHandler_SetStatus/Service_Error
--- PASS: TestRoleHandler_SetStatus (0.00s)
    --- PASS: TestRoleHandler_SetStatus/Success (0.00s)
    --- PASS: TestRoleHandler_SetStatus/Invalid_JSON (0.00s)
    --- PASS: TestRoleHandler_SetStatus/Service_Error (0.00s)
=== RUN   TestRoleRepository_Create

2026/05/11 17:36:50 [32m/home/teilor/MyProjects/backend-go/internal/core/audit/hooks.go:38
[0m[33m[0.029ms] [34;1m[rows:1][0m INSERT INTO `audit_log` (`id`,`action`,`table_name`,`record_id`,`old_values`,`new_values`,`user_id`,`created_at`) VALUES ("210c3427-5658-47b7-a8c7-beaad410dd76","CREATE","role","c4bc45cb-3838-45ca-b524-e1fd631b19a6","{}","{""id"":""c4bc45cb-3838-45ca-b524-e1fd631b19a6"",""created_at"":""2026-05-11T17:36:50.195519432-03:00"",""updated_at"":""2026-05-11T17:36:50.195519432-03:00"",""is_deleted"":false,""deleted_at"":null,""name"":""Test Role"",""description"":""Test Description"",""active"":true}",NULL,"2026-05-11 17:36:50.195")

2026/05/11 17:36:50 [32m/home/teilor/MyProjects/backend-go/internal/core/repository/base_repository.go:34
[0m[33m[0.157ms] [34;1m[rows:1][0m INSERT INTO `role` (`id`,`created_at`,`updated_at`,`is_deleted`,`deleted_at`,`name`,`description`,`active`) VALUES ("c4bc45cb-3838-45ca-b524-e1fd631b19a6","2026-05-11 17:36:50.195","2026-05-11 17:36:50.195",false,NULL,"Test Role","Test Description",true)
--- PASS: TestRoleRepository_Create (0.00s)
=== RUN   TestRoleRepository_FindByID

2026/05/11 17:36:50 [32m/home/teilor/MyProjects/backend-go/internal/core/audit/hooks.go:38
[0m[33m[0.037ms] [34;1m[rows:1][0m INSERT INTO `audit_log` (`id`,`action`,`table_name`,`record_id`,`old_values`,`new_values`,`user_id`,`created_at`) VALUES ("d688416e-8738-4429-8703-561bcbfb7026","CREATE","role","52aadab8-fa1c-47d3-947f-1341b47d5a54","{}","{""id"":""52aadab8-fa1c-47d3-947f-1341b47d5a54"",""created_at"":""2026-05-11T17:36:50.195702799-03:00"",""updated_at"":""2026-05-11T17:36:50.195702799-03:00"",""is_deleted"":false,""deleted_at"":null,""name"":""Find Test"",""description"":""Find Description"",""active"":true}",NULL,"2026-05-11 17:36:50.195")

2026/05/11 17:36:50 [32m/home/teilor/MyProjects/backend-go/internal/core/repository/base_repository.go:34
[0m[33m[0.130ms] [34;1m[rows:1][0m INSERT INTO `role` (`id`,`created_at`,`updated_at`,`is_deleted`,`deleted_at`,`name`,`description`,`active`) VALUES ("52aadab8-fa1c-47d3-947f-1341b47d5a54","2026-05-11 17:36:50.195","2026-05-11 17:36:50.195",false,NULL,"Find Test","Find Description",true)

2026/05/11 17:36:50 [32m/home/teilor/MyProjects/backend-go/internal/core/repository/base_repository.go:73
[0m[33m[0.076ms] [34;1m[rows:1][0m SELECT * FROM `role` WHERE (id = "52aadab8-fa1c-47d3-947f-1341b47d5a54" AND is_deleted = false) AND `role`.`deleted_at` IS NULL ORDER BY `role`.`id` LIMIT 1
--- PASS: TestRoleRepository_FindByID (0.00s)
=== RUN   TestRoleRepository_CreateWithPermissions
=== RUN   TestRoleRepository_CreateWithPermissions/Success

2026/05/11 17:36:50 [32m/home/teilor/MyProjects/backend-go/internal/core/audit/hooks.go:38
[0m[33m[0.019ms] [34;1m[rows:1][0m INSERT INTO `audit_log` (`id`,`action`,`table_name`,`record_id`,`old_values`,`new_values`,`user_id`,`created_at`) VALUES ("2315969a-8ccc-4a7e-ab89-551a9a9a1645","CREATE","role","ce1b6ded-0208-42bd-87e9-f2327a6d3e42","{}","{""id"":""ce1b6ded-0208-42bd-87e9-f2327a6d3e42"",""created_at"":""2026-05-11T17:36:50.195981924-03:00"",""updated_at"":""2026-05-11T17:36:50.195981924-03:00"",""is_deleted"":false,""deleted_at"":null,""name"":""With Perms"",""description"":""Desc"",""active"":true}",NULL,"2026-05-11 17:36:50.196")

2026/05/11 17:36:50 [32m/home/teilor/MyProjects/backend-go/internal/app/role/repository.go:29
[0m[33m[0.066ms] [34;1m[rows:1][0m INSERT INTO `role` (`id`,`created_at`,`updated_at`,`is_deleted`,`deleted_at`,`name`,`description`,`active`) VALUES ("ce1b6ded-0208-42bd-87e9-f2327a6d3e42","2026-05-11 17:36:50.195","2026-05-11 17:36:50.195",false,NULL,"With Perms","Desc",true)

2026/05/11 17:36:50 [32m/home/teilor/MyProjects/backend-go/internal/core/audit/hooks.go:38
[0m[33m[0.022ms] [34;1m[rows:1][0m INSERT INTO `audit_log` (`id`,`action`,`table_name`,`record_id`,`old_values`,`new_values`,`user_id`,`created_at`) VALUES ("266dba6c-26b8-489f-9a87-13ecb59027e7","CREATE","role_feature","unknown","{}","[{""id_role"":""ce1b6ded-0208-42bd-87e9-f2327a6d3e42"",""id_feature"":""feat1"",""create"":false,""view"":true,""activate"":false,""delete"":false,""role"":{""id"":"""",""created_at"":""0001-01-01T00:00:00Z"",""updated_at"":""0001-01-01T00:00:00Z"",""is_deleted"":false,""deleted_at"":null,""name"":"""",""description"":"""",""active"":false},""feature"":{""id"":"""",""created_at"":""0001-01-01T00:00:00Z"",""updated_at"":""0001-01-01T00:00:00Z"",""is_deleted"":false,""deleted_at"":null,""name"":"""",""description"":"""",""active"":false}}]",NULL,"2026-05-11 17:36:50.196")

2026/05/11 17:36:50 [32m/home/teilor/MyProjects/backend-go/internal/app/role/repository.go:36
[0m[33m[0.076ms] [34;1m[rows:1][0m INSERT INTO `role_feature` (`id_role`,`id_feature`,`create`,`view`,`activate`,`delete`) VALUES ("ce1b6ded-0208-42bd-87e9-f2327a6d3e42","feat1",false,true,false,false)
=== RUN   TestRoleRepository_CreateWithPermissions/Error_-_Duplicate_Role_Name

2026/05/11 17:36:50 [32m/home/teilor/MyProjects/backend-go/internal/core/audit/hooks.go:38
[0m[33m[0.022ms] [34;1m[rows:1][0m INSERT INTO `audit_log` (`id`,`action`,`table_name`,`record_id`,`old_values`,`new_values`,`user_id`,`created_at`) VALUES ("147d47dc-ceda-440b-ad19-502f4965bee2","CREATE","role","04dd387c-53da-4cf1-836e-dae7c11c5021","{}","{""id"":""04dd387c-53da-4cf1-836e-dae7c11c5021"",""created_at"":""2026-05-11T17:36:50.196192036-03:00"",""updated_at"":""2026-05-11T17:36:50.196192036-03:00"",""is_deleted"":false,""deleted_at"":null,""name"":""Duplicate"",""description"":""D"",""active"":true}",NULL,"2026-05-11 17:36:50.196")

2026/05/11 17:36:50 [32m/home/teilor/MyProjects/backend-go/internal/core/repository/base_repository.go:34
[0m[33m[0.083ms] [34;1m[rows:1][0m INSERT INTO `role` (`id`,`created_at`,`updated_at`,`is_deleted`,`deleted_at`,`name`,`description`,`active`) VALUES ("04dd387c-53da-4cf1-836e-dae7c11c5021","2026-05-11 17:36:50.196","2026-05-11 17:36:50.196",false,NULL,"Duplicate","D",true)

2026/05/11 17:36:50 [32m/home/teilor/MyProjects/backend-go/internal/core/audit/hooks.go:38
[0m[33m[0.021ms] [34;1m[rows:1][0m INSERT INTO `audit_log` (`id`,`action`,`table_name`,`record_id`,`old_values`,`new_values`,`user_id`,`created_at`) VALUES ("13752bf8-5864-4872-ba69-4432280a3d56","CREATE","role","9384da1c-b84f-4b19-ad48-3df50703b2b8","{}","{""id"":""9384da1c-b84f-4b19-ad48-3df50703b2b8"",""created_at"":""2026-05-11T17:36:50.196276426-03:00"",""updated_at"":""2026-05-11T17:36:50.196276426-03:00"",""is_deleted"":false,""deleted_at"":null,""name"":""Duplicate"",""description"":""D"",""active"":true}",NULL,"2026-05-11 17:36:50.196")

2026/05/11 17:36:50 [32m/home/teilor/MyProjects/backend-go/internal/app/role/repository.go:29
[0m[33m[0.075ms] [34;1m[rows:1][0m INSERT INTO `role` (`id`,`created_at`,`updated_at`,`is_deleted`,`deleted_at`,`name`,`description`,`active`) VALUES ("9384da1c-b84f-4b19-ad48-3df50703b2b8","2026-05-11 17:36:50.196","2026-05-11 17:36:50.196",false,NULL,"Duplicate","D",true)
    repository_test.go:69: 
        	Error Trace:	/home/teilor/MyProjects/backend-go/internal/app/role/repository_test.go:69
        	Error:      	An error is expected but got nil.
        	Test:       	TestRoleRepository_CreateWithPermissions/Error_-_Duplicate_Role_Name
=== RUN   TestRoleRepository_CreateWithPermissions/Error_-_Permission_Violation

2026/05/11 17:36:50 [32m/home/teilor/MyProjects/backend-go/internal/core/audit/hooks.go:38
[0m[33m[0.016ms] [34;1m[rows:1][0m INSERT INTO `audit_log` (`id`,`action`,`table_name`,`record_id`,`old_values`,`new_values`,`user_id`,`created_at`) VALUES ("14b66d22-5eb7-4247-9ea6-b106fabc96f0","CREATE","role","7294c4f0-e459-4c8e-9718-daad3c6bf5c8","{}","{""id"":""7294c4f0-e459-4c8e-9718-daad3c6bf5c8"",""created_at"":""2026-05-11T17:36:50.196434799-03:00"",""updated_at"":""2026-05-11T17:36:50.196434799-03:00"",""is_deleted"":false,""deleted_at"":null,""name"":""Perm Error"",""description"":""D"",""active"":true}",NULL,"2026-05-11 17:36:50.196")

2026/05/11 17:36:50 [32m/home/teilor/MyProjects/backend-go/internal/app/role/repository.go:29
[0m[33m[0.055ms] [34;1m[rows:1][0m INSERT INTO `role` (`id`,`created_at`,`updated_at`,`is_deleted`,`deleted_at`,`name`,`description`,`active`) VALUES ("7294c4f0-e459-4c8e-9718-daad3c6bf5c8","2026-05-11 17:36:50.196","2026-05-11 17:36:50.196",false,NULL,"Perm Error","D",true)

2026/05/11 17:36:50 [31;1m/home/teilor/MyProjects/backend-go/internal/app/role/repository.go:36 [35;1mUNIQUE constraint failed: role_feature.id_role, role_feature.id_feature
[0m[33m[0.037ms] [34;1m[rows:0][0m INSERT INTO `role_feature` (`id_role`,`id_feature`,`create`,`view`,`activate`,`delete`) VALUES ("7294c4f0-e459-4c8e-9718-daad3c6bf5c8","feat_same",false,true,false,false),("7294c4f0-e459-4c8e-9718-daad3c6bf5c8","feat_same",false,true,false,false)
--- FAIL: TestRoleRepository_CreateWithPermissions (0.00s)
    --- PASS: TestRoleRepository_CreateWithPermissions/Success (0.00s)
    --- FAIL: TestRoleRepository_CreateWithPermissions/Error_-_Duplicate_Role_Name (0.00s)
    --- PASS: TestRoleRepository_CreateWithPermissions/Error_-_Permission_Violation (0.00s)
=== RUN   TestRoleRepository_UpdateWithPermissions

2026/05/11 17:36:50 [32m/home/teilor/MyProjects/backend-go/internal/core/audit/hooks.go:38
[0m[33m[0.024ms] [34;1m[rows:1][0m INSERT INTO `audit_log` (`id`,`action`,`table_name`,`record_id`,`old_values`,`new_values`,`user_id`,`created_at`) VALUES ("5a1cc023-8c45-403b-9a7e-bda9d2d613d5","CREATE","role","76d45d79-b3ee-4901-abc2-97cb3a3fe58d","{}","{""id"":""76d45d79-b3ee-4901-abc2-97cb3a3fe58d"",""created_at"":""2026-05-11T17:36:50.196592516-03:00"",""updated_at"":""2026-05-11T17:36:50.196592516-03:00"",""is_deleted"":false,""deleted_at"":null,""name"":""To Update"",""description"":""D"",""active"":true}",NULL,"2026-05-11 17:36:50.196")

2026/05/11 17:36:50 [32m/home/teilor/MyProjects/backend-go/internal/core/repository/base_repository.go:34
[0m[33m[0.097ms] [34;1m[rows:1][0m INSERT INTO `role` (`id`,`created_at`,`updated_at`,`is_deleted`,`deleted_at`,`name`,`description`,`active`) VALUES ("76d45d79-b3ee-4901-abc2-97cb3a3fe58d","2026-05-11 17:36:50.196","2026-05-11 17:36:50.196",false,NULL,"To Update","D",true)
=== RUN   TestRoleRepository_UpdateWithPermissions/Success

2026/05/11 17:36:50 [32m/home/teilor/MyProjects/backend-go/internal/core/audit/hooks.go:74
[0m[33m[0.056ms] [34;1m[rows:1][0m SELECT * FROM `role` WHERE id = "76d45d79-b3ee-4901-abc2-97cb3a3fe58d" LIMIT 1

2026/05/11 17:36:50 [32m/home/teilor/MyProjects/backend-go/internal/core/audit/hooks.go:92
[0m[33m[0.029ms] [34;1m[rows:1][0m INSERT INTO `audit_log` (`id`,`action`,`table_name`,`record_id`,`old_values`,`new_values`,`user_id`,`created_at`) VALUES ("0a5052ea-0278-47ef-a96d-77f364a5df0e","UPDATE","role","76d45d79-b3ee-4901-abc2-97cb3a3fe58d","{""active"":1,""created_at"":""2026-05-11T17:36:50.196592516-03:00"",""deleted_at"":null,""description"":""D"",""id"":""76d45d79-b3ee-4901-abc2-97cb3a3fe58d"",""is_deleted"":0,""name"":""To Update"",""updated_at"":""2026-05-11T17:36:50.196592516-03:00""}","{""id"":""76d45d79-b3ee-4901-abc2-97cb3a3fe58d"",""created_at"":""2026-05-11T17:36:50.196592516-03:00"",""updated_at"":""2026-05-11T17:36:50.196592516-03:00"",""is_deleted"":false,""deleted_at"":null,""name"":""Updated Name"",""description"":""D"",""active"":true}",NULL,"2026-05-11 17:36:50.196")

2026/05/11 17:36:50 [32m/home/teilor/MyProjects/backend-go/internal/app/role/repository.go:46
[0m[33m[0.163ms] [34;1m[rows:1][0m UPDATE `role` SET `id`="76d45d79-b3ee-4901-abc2-97cb3a3fe58d",`created_at`="2026-05-11 17:36:50.196",`updated_at`="2026-05-11 17:36:50.196",`name`="Updated Name",`description`="D",`active`=true WHERE id = "76d45d79-b3ee-4901-abc2-97cb3a3fe58d" AND `role`.`deleted_at` IS NULL

2026/05/11 17:36:50 [32m/home/teilor/MyProjects/backend-go/internal/core/audit/hooks.go:112
[0m[33m[0.024ms] [34;1m[rows:1][0m INSERT INTO `audit_log` (`id`,`action`,`table_name`,`record_id`,`old_values`,`new_values`,`user_id`,`created_at`) VALUES ("407622be-f476-42c1-ade7-94168901a45f","DELETE","role_feature","unknown","{}","{}",NULL,"2026-05-11 17:36:50.196")

2026/05/11 17:36:50 [32m/home/teilor/MyProjects/backend-go/internal/app/role/repository.go:51
[0m[33m[0.054ms] [34;1m[rows:0][0m DELETE FROM `role_feature` WHERE id_role = "76d45d79-b3ee-4901-abc2-97cb3a3fe58d"

2026/05/11 17:36:50 [32m/home/teilor/MyProjects/backend-go/internal/core/audit/hooks.go:38
[0m[33m[0.021ms] [34;1m[rows:1][0m INSERT INTO `audit_log` (`id`,`action`,`table_name`,`record_id`,`old_values`,`new_values`,`user_id`,`created_at`) VALUES ("e3bd3f1b-88b5-4d37-858c-4d7173040bbe","CREATE","role_feature","unknown","{}","[{""id_role"":""76d45d79-b3ee-4901-abc2-97cb3a3fe58d"",""id_feature"":""feat2"",""create"":false,""view"":true,""activate"":false,""delete"":false,""role"":{""id"":"""",""created_at"":""0001-01-01T00:00:00Z"",""updated_at"":""0001-01-01T00:00:00Z"",""is_deleted"":false,""deleted_at"":null,""name"":"""",""description"":"""",""active"":false},""feature"":{""id"":"""",""created_at"":""0001-01-01T00:00:00Z"",""updated_at"":""0001-01-01T00:00:00Z"",""is_deleted"":false,""deleted_at"":null,""name"":"""",""description"":"""",""active"":false}}]",NULL,"2026-05-11 17:36:50.196")

2026/05/11 17:36:50 [32m/home/teilor/MyProjects/backend-go/internal/app/role/repository.go:58
[0m[33m[0.063ms] [34;1m[rows:1][0m INSERT INTO `role_feature` (`id_role`,`id_feature`,`create`,`view`,`activate`,`delete`) VALUES ("76d45d79-b3ee-4901-abc2-97cb3a3fe58d","feat2",false,true,false,false)
=== RUN   TestRoleRepository_UpdateWithPermissions/Error_-_Update_Violation

2026/05/11 17:36:50 [32m/home/teilor/MyProjects/backend-go/internal/core/audit/hooks.go:38
[0m[33m[0.023ms] [34;1m[rows:1][0m INSERT INTO `audit_log` (`id`,`action`,`table_name`,`record_id`,`old_values`,`new_values`,`user_id`,`created_at`) VALUES ("104a7672-394f-4498-b29a-c0bc6b0a4a6f","CREATE","role","acc62904-52a3-4590-ae61-227cbc646fc2","{}","{""id"":""acc62904-52a3-4590-ae61-227cbc646fc2"",""created_at"":""2026-05-11T17:36:50.197054055-03:00"",""updated_at"":""2026-05-11T17:36:50.197054055-03:00"",""is_deleted"":false,""deleted_at"":null,""name"":""Other"",""description"":""D"",""active"":true}",NULL,"2026-05-11 17:36:50.197")

2026/05/11 17:36:50 [32m/home/teilor/MyProjects/backend-go/internal/core/repository/base_repository.go:34
[0m[33m[0.088ms] [34;1m[rows:1][0m INSERT INTO `role` (`id`,`created_at`,`updated_at`,`is_deleted`,`deleted_at`,`name`,`description`,`active`) VALUES ("acc62904-52a3-4590-ae61-227cbc646fc2","2026-05-11 17:36:50.197","2026-05-11 17:36:50.197",false,NULL,"Other","D",true)

2026/05/11 17:36:50 [32m/home/teilor/MyProjects/backend-go/internal/core/audit/hooks.go:74
[0m[33m[0.044ms] [34;1m[rows:1][0m SELECT * FROM `role` WHERE id = "76d45d79-b3ee-4901-abc2-97cb3a3fe58d" LIMIT 1

2026/05/11 17:36:50 [32m/home/teilor/MyProjects/backend-go/internal/core/audit/hooks.go:92
[0m[33m[0.028ms] [34;1m[rows:1][0m INSERT INTO `audit_log` (`id`,`action`,`table_name`,`record_id`,`old_values`,`new_values`,`user_id`,`created_at`) VALUES ("eec2ed08-3c96-4670-8557-9f00c6f7243f","UPDATE","role","76d45d79-b3ee-4901-abc2-97cb3a3fe58d","{""active"":1,""created_at"":""2026-05-11T17:36:50.196592516-03:00"",""deleted_at"":null,""description"":""D"",""id"":""76d45d79-b3ee-4901-abc2-97cb3a3fe58d"",""is_deleted"":0,""name"":""Updated Name"",""updated_at"":""2026-05-11T17:36:50.196837213-03:00""}","{""id"":""76d45d79-b3ee-4901-abc2-97cb3a3fe58d"",""created_at"":""2026-05-11T17:36:50.196592516-03:00"",""updated_at"":""2026-05-11T17:36:50.196592516-03:00"",""is_deleted"":false,""deleted_at"":null,""name"":""Other"",""description"":""D"",""active"":true}",NULL,"2026-05-11 17:36:50.197")

2026/05/11 17:36:50 [32m/home/teilor/MyProjects/backend-go/internal/app/role/repository.go:46
[0m[33m[0.141ms] [34;1m[rows:1][0m UPDATE `role` SET `id`="76d45d79-b3ee-4901-abc2-97cb3a3fe58d",`created_at`="2026-05-11 17:36:50.196",`updated_at`="2026-05-11 17:36:50.197",`name`="Other",`description`="D",`active`=true WHERE id = "76d45d79-b3ee-4901-abc2-97cb3a3fe58d" AND `role`.`deleted_at` IS NULL
    repository_test.go:103: 
        	Error Trace:	/home/teilor/MyProjects/backend-go/internal/app/role/repository_test.go:103
        	Error:      	An error is expected but got nil.
        	Test:       	TestRoleRepository_UpdateWithPermissions/Error_-_Update_Violation
=== RUN   TestRoleRepository_UpdateWithPermissions/Error_-_Permission_Violation

2026/05/11 17:36:50 [32m/home/teilor/MyProjects/backend-go/internal/core/audit/hooks.go:74
[0m[33m[0.035ms] [34;1m[rows:1][0m SELECT * FROM `role` WHERE id = "76d45d79-b3ee-4901-abc2-97cb3a3fe58d" LIMIT 1

2026/05/11 17:36:50 [32m/home/teilor/MyProjects/backend-go/internal/core/audit/hooks.go:92
[0m[33m[0.028ms] [34;1m[rows:1][0m INSERT INTO `audit_log` (`id`,`action`,`table_name`,`record_id`,`old_values`,`new_values`,`user_id`,`created_at`) VALUES ("c2901f89-29b8-4281-bcbe-2516aa6b2f99","UPDATE","role","76d45d79-b3ee-4901-abc2-97cb3a3fe58d","{""active"":1,""created_at"":""2026-05-11T17:36:50.196592516-03:00"",""deleted_at"":null,""description"":""D"",""id"":""76d45d79-b3ee-4901-abc2-97cb3a3fe58d"",""is_deleted"":0,""name"":""Other"",""updated_at"":""2026-05-11T17:36:50.197242462-03:00""}","{""id"":""76d45d79-b3ee-4901-abc2-97cb3a3fe58d"",""created_at"":""2026-05-11T17:36:50.196592516-03:00"",""updated_at"":""2026-05-11T17:36:50.196592516-03:00"",""is_deleted"":false,""deleted_at"":null,""name"":""Other"",""description"":""D"",""active"":true}",NULL,"2026-05-11 17:36:50.197")

2026/05/11 17:36:50 [32m/home/teilor/MyProjects/backend-go/internal/app/role/repository.go:46
[0m[33m[0.138ms] [34;1m[rows:1][0m UPDATE `role` SET `id`="76d45d79-b3ee-4901-abc2-97cb3a3fe58d",`created_at`="2026-05-11 17:36:50.196",`updated_at`="2026-05-11 17:36:50.197",`name`="Other",`description`="D",`active`=true WHERE id = "76d45d79-b3ee-4901-abc2-97cb3a3fe58d" AND `role`.`deleted_at` IS NULL

2026/05/11 17:36:50 [32m/home/teilor/MyProjects/backend-go/internal/core/audit/hooks.go:112
[0m[33m[0.024ms] [34;1m[rows:1][0m INSERT INTO `audit_log` (`id`,`action`,`table_name`,`record_id`,`old_values`,`new_values`,`user_id`,`created_at`) VALUES ("23a0b1ad-20e8-432c-85ae-aad3c9b11f38","DELETE","role_feature","unknown","{}","{}",NULL,"2026-05-11 17:36:50.197")

2026/05/11 17:36:50 [32m/home/teilor/MyProjects/backend-go/internal/app/role/repository.go:51
[0m[33m[0.055ms] [34;1m[rows:1][0m DELETE FROM `role_feature` WHERE id_role = "76d45d79-b3ee-4901-abc2-97cb3a3fe58d"

2026/05/11 17:36:50 [31;1m/home/teilor/MyProjects/backend-go/internal/app/role/repository.go:58 [35;1mUNIQUE constraint failed: role_feature.id_role, role_feature.id_feature
[0m[33m[0.034ms] [34;1m[rows:0][0m INSERT INTO `role_feature` (`id_role`,`id_feature`,`create`,`view`,`activate`,`delete`) VALUES ("76d45d79-b3ee-4901-abc2-97cb3a3fe58d","f1",false,true,false,false),("76d45d79-b3ee-4901-abc2-97cb3a3fe58d","f1",false,true,false,false)
--- FAIL: TestRoleRepository_UpdateWithPermissions (0.00s)
    --- PASS: TestRoleRepository_UpdateWithPermissions/Success (0.00s)
    --- FAIL: TestRoleRepository_UpdateWithPermissions/Error_-_Update_Violation (0.00s)
    --- PASS: TestRoleRepository_UpdateWithPermissions/Error_-_Permission_Violation (0.00s)
=== RUN   TestRoleService_Create

2026/05/11 17:36:50 [32m/home/teilor/MyProjects/backend-go/internal/core/audit/hooks.go:38
[0m[33m[0.018ms] [34;1m[rows:1][0m INSERT INTO `audit_log` (`id`,`action`,`table_name`,`record_id`,`old_values`,`new_values`,`user_id`,`created_at`) VALUES ("bdf8455a-1ba0-46fa-ad15-b40ef4650fbc","CREATE","role","ec49fa0e-f5d7-476f-95db-1958baca1bf0","{}","{""id"":""ec49fa0e-f5d7-476f-95db-1958baca1bf0"",""created_at"":""2026-05-11T17:36:50.197644856-03:00"",""updated_at"":""2026-05-11T17:36:50.197644856-03:00"",""is_deleted"":false,""deleted_at"":null,""name"":""Service Role 1"",""description"":""Service Description"",""active"":true}",NULL,"2026-05-11 17:36:50.197")

2026/05/11 17:36:50 [32m/home/teilor/MyProjects/backend-go/internal/app/role/repository.go:29
[0m[33m[0.066ms] [34;1m[rows:1][0m INSERT INTO `role` (`id`,`created_at`,`updated_at`,`is_deleted`,`deleted_at`,`name`,`description`,`active`) VALUES ("ec49fa0e-f5d7-476f-95db-1958baca1bf0","2026-05-11 17:36:50.197","2026-05-11 17:36:50.197",false,NULL,"Service Role 1","Service Description",true)
--- PASS: TestRoleService_Create (0.00s)
=== RUN   TestRoleService_Update

2026/05/11 17:36:50 [32m/home/teilor/MyProjects/backend-go/internal/core/audit/hooks.go:38
[0m[33m[0.015ms] [34;1m[rows:1][0m INSERT INTO `audit_log` (`id`,`action`,`table_name`,`record_id`,`old_values`,`new_values`,`user_id`,`created_at`) VALUES ("5f110565-3d21-4947-a939-ab23d103251f","CREATE","role","9352c7e7-4d40-496f-9fae-de518f3d6d8c","{}","{""id"":""9352c7e7-4d40-496f-9fae-de518f3d6d8c"",""created_at"":""2026-05-11T17:36:50.197751945-03:00"",""updated_at"":""2026-05-11T17:36:50.197751945-03:00"",""is_deleted"":false,""deleted_at"":null,""name"":""R1"",""description"":""D"",""active"":true}",NULL,"2026-05-11 17:36:50.197")

2026/05/11 17:36:50 [32m/home/teilor/MyProjects/backend-go/internal/app/role/repository.go:29
[0m[33m[0.053ms] [34;1m[rows:1][0m INSERT INTO `role` (`id`,`created_at`,`updated_at`,`is_deleted`,`deleted_at`,`name`,`description`,`active`) VALUES ("9352c7e7-4d40-496f-9fae-de518f3d6d8c","2026-05-11 17:36:50.197","2026-05-11 17:36:50.197",false,NULL,"R1","D",true)

2026/05/11 17:36:50 [32m/home/teilor/MyProjects/backend-go/internal/core/audit/hooks.go:38
[0m[33m[0.015ms] [34;1m[rows:1][0m INSERT INTO `audit_log` (`id`,`action`,`table_name`,`record_id`,`old_values`,`new_values`,`user_id`,`created_at`) VALUES ("4e2ac6bd-d09a-4cf2-8c7b-632a787e86f0","CREATE","role","e0662e3b-f0b8-4882-a813-777a4b95eef7","{}","{""id"":""e0662e3b-f0b8-4882-a813-777a4b95eef7"",""created_at"":""2026-05-11T17:36:50.197820498-03:00"",""updated_at"":""2026-05-11T17:36:50.197820498-03:00"",""is_deleted"":false,""deleted_at"":null,""name"":""R2"",""description"":""D"",""active"":true}",NULL,"2026-05-11 17:36:50.197")

2026/05/11 17:36:50 [32m/home/teilor/MyProjects/backend-go/internal/app/role/repository.go:29
[0m[33m[0.054ms] [34;1m[rows:1][0m INSERT INTO `role` (`id`,`created_at`,`updated_at`,`is_deleted`,`deleted_at`,`name`,`description`,`active`) VALUES ("e0662e3b-f0b8-4882-a813-777a4b95eef7","2026-05-11 17:36:50.197","2026-05-11 17:36:50.197",false,NULL,"R2","D",true)
=== RUN   TestRoleService_Update/Success

2026/05/11 17:36:50 [32m/home/teilor/MyProjects/backend-go/internal/app/role/repository.go:46
[0m[33m[0.030ms] [34;1m[rows:1][0m UPDATE `role` SET `updated_at`="2026-05-11 17:36:50.197",`name`="Updated R1",`description`="D" WHERE id = "9352c7e7-4d40-496f-9fae-de518f3d6d8c" AND `role`.`deleted_at` IS NULL
2026/05/11 17:36:50 [SessionManager] Invalidating all sessions for role 9352c7e7-4d40-496f-9fae-de518f3d6d8c with pattern session:role:9352c7e7-4d40-496f-9fae-de518f3d6d8c:*

2026/05/11 17:36:50 [32m/home/teilor/MyProjects/backend-go/internal/core/repository/base_repository.go:73
[0m[33m[0.026ms] [34;1m[rows:0][0m SELECT * FROM `role_feature` WHERE `role_feature`.`id_role` = "9352c7e7-4d40-496f-9fae-de518f3d6d8c"

2026/05/11 17:36:50 [32m/home/teilor/MyProjects/backend-go/internal/core/repository/base_repository.go:73
[0m[33m[0.096ms] [34;1m[rows:1][0m SELECT * FROM `role` WHERE (id = "9352c7e7-4d40-496f-9fae-de518f3d6d8c" AND is_deleted = false) AND `role`.`deleted_at` IS NULL ORDER BY `role`.`id` LIMIT 1
=== RUN   TestRoleService_Update/Error_-_Duplicate_Permissions

2026/05/11 17:36:50 [32m/home/teilor/MyProjects/backend-go/internal/app/role/repository.go:46
[0m[33m[0.029ms] [34;1m[rows:1][0m UPDATE `role` SET `updated_at`="2026-05-11 17:36:50.198",`name`="R1" WHERE id = "9352c7e7-4d40-496f-9fae-de518f3d6d8c" AND `role`.`deleted_at` IS NULL

2026/05/11 17:36:50 [32m/home/teilor/MyProjects/backend-go/internal/core/audit/hooks.go:112
[0m[33m[0.335ms] [34;1m[rows:1][0m INSERT INTO `audit_log` (`id`,`action`,`table_name`,`record_id`,`old_values`,`new_values`,`user_id`,`created_at`) VALUES ("4fd6eed4-1303-4186-812f-c096a107d4b5","DELETE","role_feature","unknown","{}","{}",NULL,"2026-05-11 17:36:50.198")

2026/05/11 17:36:50 [32m/home/teilor/MyProjects/backend-go/internal/app/role/repository.go:51
[0m[33m[0.513ms] [34;1m[rows:0][0m DELETE FROM `role_feature` WHERE id_role = "9352c7e7-4d40-496f-9fae-de518f3d6d8c"

2026/05/11 17:36:50 [31;1m/home/teilor/MyProjects/backend-go/internal/app/role/repository.go:58 [35;1mUNIQUE constraint failed: role_feature.id_role, role_feature.id_feature
[0m[33m[0.044ms] [34;1m[rows:0][0m INSERT INTO `role_feature` (`id_role`,`id_feature`,`create`,`view`,`activate`,`delete`) VALUES ("9352c7e7-4d40-496f-9fae-de518f3d6d8c","F1",false,false,false,false),("9352c7e7-4d40-496f-9fae-de518f3d6d8c","F1",false,false,false,false)
--- PASS: TestRoleService_Update (0.00s)
    --- PASS: TestRoleService_Update/Success (0.00s)
    --- PASS: TestRoleService_Update/Error_-_Duplicate_Permissions (0.00s)
=== RUN   TestRoleService_List

2026/05/11 17:36:50 [32m/home/teilor/MyProjects/backend-go/internal/core/repository/base_repository.go:113
[0m[33m[0.035ms] [34;1m[rows:1][0m SELECT count(*) FROM `role` WHERE is_deleted = false AND `role`.`deleted_at` IS NULL 

2026/05/11 17:36:50 [32m/home/teilor/MyProjects/backend-go/internal/core/repository/base_repository.go:118
[0m[33m[0.100ms] [34;1m[rows:10][0m SELECT * FROM `role` WHERE is_deleted = false AND `role`.`deleted_at` IS NULL ORDER BY `role`.`created_at` DESC LIMIT 10
--- PASS: TestRoleService_List (0.00s)
=== RUN   TestRoleService_Delete

2026/05/11 17:36:50 [32m/home/teilor/MyProjects/backend-go/internal/core/audit/hooks.go:38
[0m[33m[0.021ms] [34;1m[rows:1][0m INSERT INTO `audit_log` (`id`,`action`,`table_name`,`record_id`,`old_values`,`new_values`,`user_id`,`created_at`) VALUES ("98685980-711b-4a13-8bdc-80f9e504fec3","CREATE","role","141573a8-7494-45e3-9869-0e271b1feec0","{}","{""id"":""141573a8-7494-45e3-9869-0e271b1feec0"",""created_at"":""2026-05-11T17:36:50.1990338-03:00"",""updated_at"":""2026-05-11T17:36:50.1990338-03:00"",""is_deleted"":false,""deleted_at"":null,""name"":""To Delete Service"",""description"":""D"",""active"":true}",NULL,"2026-05-11 17:36:50.199")

2026/05/11 17:36:50 [32m/home/teilor/MyProjects/backend-go/internal/app/role/repository.go:29
[0m[33m[0.076ms] [34;1m[rows:1][0m INSERT INTO `role` (`id`,`created_at`,`updated_at`,`is_deleted`,`deleted_at`,`name`,`description`,`active`) VALUES ("141573a8-7494-45e3-9869-0e271b1feec0","2026-05-11 17:36:50.199","2026-05-11 17:36:50.199",false,NULL,"To Delete Service","D",true)

2026/05/11 17:36:50 [32m/home/teilor/MyProjects/backend-go/internal/core/repository/base_repository.go:85
[0m[33m[0.043ms] [34;1m[rows:1][0m UPDATE `role` SET `is_deleted`=true,`updated_at`="2026-05-11 17:36:50.199" WHERE id = "141573a8-7494-45e3-9869-0e271b1feec0" AND `role`.`deleted_at` IS NULL

2026/05/11 17:36:50 [32m/home/teilor/MyProjects/backend-go/internal/core/audit/hooks.go:112
[0m[33m[0.019ms] [34;1m[rows:1][0m INSERT INTO `audit_log` (`id`,`action`,`table_name`,`record_id`,`old_values`,`new_values`,`user_id`,`created_at`) VALUES ("29386886-f46b-417f-911d-7c9b8f879baf","DELETE","role","unknown","{}","{}",NULL,"2026-05-11 17:36:50.199")

2026/05/11 17:36:50 [32m/home/teilor/MyProjects/backend-go/internal/core/repository/base_repository.go:87
[0m[33m[0.060ms] [34;1m[rows:1][0m UPDATE `role` SET `deleted_at`="2026-05-11 17:36:50.199" WHERE id = "141573a8-7494-45e3-9869-0e271b1feec0" AND `role`.`deleted_at` IS NULL
2026/05/11 17:36:50 [SessionManager] Invalidating all sessions for role 141573a8-7494-45e3-9869-0e271b1feec0 with pattern session:role:141573a8-7494-45e3-9869-0e271b1feec0:*
--- PASS: TestRoleService_Delete (0.00s)
=== RUN   TestRoleService_SetStatus

2026/05/11 17:36:50 [32m/home/teilor/MyProjects/backend-go/internal/core/audit/hooks.go:38
[0m[33m[0.016ms] [34;1m[rows:1][0m INSERT INTO `audit_log` (`id`,`action`,`table_name`,`record_id`,`old_values`,`new_values`,`user_id`,`created_at`) VALUES ("4a15f1ea-dfe5-4ab3-b43c-34e03cc7ab00","CREATE","role","06576f45-aee9-4bff-a100-57bd6641bf16","{}","{""id"":""06576f45-aee9-4bff-a100-57bd6641bf16"",""created_at"":""2026-05-11T17:36:50.199339571-03:00"",""updated_at"":""2026-05-11T17:36:50.199339571-03:00"",""is_deleted"":false,""deleted_at"":null,""name"":""To Status Service"",""description"":""D"",""active"":true}",NULL,"2026-05-11 17:36:50.199")

2026/05/11 17:36:50 [32m/home/teilor/MyProjects/backend-go/internal/app/role/repository.go:29
[0m[33m[0.058ms] [34;1m[rows:1][0m INSERT INTO `role` (`id`,`created_at`,`updated_at`,`is_deleted`,`deleted_at`,`name`,`description`,`active`) VALUES ("06576f45-aee9-4bff-a100-57bd6641bf16","2026-05-11 17:36:50.199","2026-05-11 17:36:50.199",false,NULL,"To Status Service","D",true)

2026/05/11 17:36:50 [32m/home/teilor/MyProjects/backend-go/internal/core/repository/base_repository.go:81
[0m[33m[0.029ms] [34;1m[rows:1][0m UPDATE `role` SET `active`=false,`updated_at`="2026-05-11 17:36:50.199" WHERE id = "06576f45-aee9-4bff-a100-57bd6641bf16" AND `role`.`deleted_at` IS NULL
2026/05/11 17:36:50 [SessionManager] Invalidating all sessions for role 06576f45-aee9-4bff-a100-57bd6641bf16 with pattern session:role:06576f45-aee9-4bff-a100-57bd6641bf16:*
--- PASS: TestRoleService_SetStatus (0.00s)
FAIL
FAIL	backend-go/internal/app/role	0.064s
FAIL
